warning: Git tree '/home/mei/machine0' has uncommitted changes
evaluating 'apps'...
evaluating 'apps'...
evaluating 'checks'...
evaluating 'checks'...
evaluating 'apps.x86_64-linux'...
evaluating 'apps.x86_64-linux.zix'...
evaluating 'checks.x86_64-linux'...
running flake check 'apps.x86_64-linux.zix.isValidApp'...
evaluating 'checks.x86_64-linux.coding-eval'...
evaluating 'lib'...
evaluating 'nixosConfigurations'...
evaluating 'nixosConfigurations'...
evaluating 'nixosModules'...
evaluating 'nixosModules'...
evaluating 'packages'...
evaluating 'nixosConfigurations.coding'...
evaluating 'nixosConfigurations.default'...
❌ apps.x86_64-linux.zix
evaluating 'packages'...
evaluating 'nixosConfigurations.example'...
evaluating 'nixosModules.coding'...
evaluating 'nixosModules.default'...
evaluating 'nixosModules.example'...
evaluating 'packages.x86_64-linux'...
running flake check 'nixosModules.coding.isFunctionOrAttrs'...
evaluating 'packages.x86_64-linux.default'...
running flake check 'nixosModules.example.isFunctionOrAttrs'...
evaluating 'packages.x86_64-linux.coding'...
evaluating 'packages.x86_64-linux.omo'...
running flake check 'nixosModules.default.isFunctionOrAttrs'...
evaluating 'packages.x86_64-linux.zix'...
evaluating 'packages.x86_64-linux.example'...
✅ nixosModules.coding
evaluating 'packages.x86_64-linux.dsh'...
❌ packages.x86_64-linux.zix
✅ nixosModules.default
✅ nixosModules.example
✅ packages.x86_64-linux.dsh (build skipped)
✅ packages.x86_64-linux.omo (build skipped)
✅ packages.x86_64-linux.example (build skipped)
✅ packages.x86_64-linux.default (build skipped)
✅ packages.x86_64-linux.coding (build skipped)
warning: Using 'builtins.derivation' to create a derivation named 'options.json' that references the store path '/nix/store/x6syzklc01b6hqdbf4dgs2ilg4gs21qh-source' without a proper context. The resulting derivation will not have a correct store reference, so this is unreliable and may stop working in the future.
warning: Using 'builtins.derivation' to create a derivation named 'options.json' that references the store path '/nix/store/x6syzklc01b6hqdbf4dgs2ilg4gs21qh-source' without a proper context. The resulting derivation will not have a correct store reference, so this is unreliable and may stop working in the future.
warning: Using 'builtins.derivation' to create a derivation named 'options.json' that references the store path '/nix/store/x6syzklc01b6hqdbf4dgs2ilg4gs21qh-source' without a proper context. The resulting derivation will not have a correct store reference, so this is unreliable and may stop working in the future.
❌ nixosConfigurations.example
❌ nixosConfigurations.default
❌ nixosConfigurations.coding
❌ checks.x86_64-linux.coding-eval
error: Path 'modules/packages.nix' in the repository "/home/mei/machine0" is not tracked by Git.

To make it visible to Nix, run:

git -C "/home/mei/machine0" add "modules/packages.nix"
error: Path 'modules/packages.nix' in the repository "/home/mei/machine0" is not tracked by Git.

To make it visible to Nix, run:

git -C "/home/mei/machine0" add "modules/packages.nix"
error: Path 'modules/packages.nix' in the repository "/home/mei/machine0" is not tracked by Git.

To make it visible to Nix, run:

git -C "/home/mei/machine0" add "modules/packages.nix"
error: Path 'modules/packages.nix' in the repository "/home/mei/machine0" is not tracked by Git.

To make it visible to Nix, run:

git -C "/home/mei/machine0" add "modules/packages.nix"
error: Path 'pkgs/zix' in the repository "/home/mei/machine0" is not tracked by Git.

To make it visible to Nix, run:

git -C "/home/mei/machine0" add "pkgs/zix"
error:
       … in the left operand of the AND (&&) operator
         at «builtin-flake-schemas»/flake.nix:24:11:
           23|           && builtins.isString app.program
           24|           &&
             |           ^
           25|             builtins.removeAttrs app [

       … in the right operand of the AND (&&) operator
         at «builtin-flake-schemas»/flake.nix:23:11:
           22|           && app ? program
           23|           && builtins.isString app.program
             |           ^
           24|           &&

       (stack trace truncated; use '--show-trace' to show the full, detailed trace)

       error: Path 'pkgs/zix' in the repository "/home/mei/machine0" is not tracked by Git.

       To make it visible to Nix, run:

       git -C "/home/mei/machine0" add "pkgs/zix"
FLAKECHECK2_EXIT=1
