warning: Git tree '/home/mei/machine0' has uncommitted changes
evaluating 'apps'...
evaluating 'apps'...
evaluating 'checks'...
evaluating 'checks'...
evaluating 'apps.x86_64-linux'...
evaluating 'checks.x86_64-linux'...
evaluating 'apps.x86_64-linux.zix'...
evaluating 'checks.x86_64-linux.coding-eval'...
running flake check 'apps.x86_64-linux.zix.isValidApp'...
evaluating 'lib'...
evaluating 'nixosConfigurations'...
evaluating 'nixosConfigurations'...
evaluating 'nixosModules'...
evaluating 'nixosModules'...
evaluating 'nixosModules.default'...
evaluating 'nixosModules.coding'...
evaluating 'nixosModules.example'...
evaluating 'packages'...
evaluating 'nixosConfigurations.example'...
evaluating 'nixosConfigurations.default'...
evaluating 'nixosConfigurations.coding'...
evaluating 'packages'...
running flake check 'nixosModules.example.isFunctionOrAttrs'...
running flake check 'nixosModules.default.isFunctionOrAttrs'...
✅ nixosModules.default
evaluating 'packages.x86_64-linux'...
✅ nixosModules.example
running flake check 'nixosModules.coding.isFunctionOrAttrs'...
evaluating 'packages.x86_64-linux.coding'...
evaluating 'packages.x86_64-linux.default'...
evaluating 'packages.x86_64-linux.zix'...
evaluating 'packages.x86_64-linux.example'...
evaluating 'packages.x86_64-linux.omo'...
evaluating 'packages.x86_64-linux.dsh'...
✅ nixosModules.coding
✅ packages.x86_64-linux.zix (build skipped)
✅ packages.x86_64-linux.omo (build skipped)
✅ packages.x86_64-linux.dsh (build skipped)
✅ packages.x86_64-linux.example (build skipped)
✅ packages.x86_64-linux.default (build skipped)
✅ packages.x86_64-linux.coding (build skipped)
✅ apps.x86_64-linux.zix
warning: Using 'builtins.derivation' to create a derivation named 'options.json' that references the store path '/nix/store/x6syzklc01b6hqdbf4dgs2ilg4gs21qh-source' without a proper context. The resulting derivation will not have a correct store reference, so this is unreliable and may stop working in the future.
warning: Using 'builtins.derivation' to create a derivation named 'options.json' that references the store path '/nix/store/x6syzklc01b6hqdbf4dgs2ilg4gs21qh-source' without a proper context. The resulting derivation will not have a correct store reference, so this is unreliable and may stop working in the future.
warning: Using 'builtins.derivation' to create a derivation named 'options.json' that references the store path '/nix/store/x6syzklc01b6hqdbf4dgs2ilg4gs21qh-source' without a proper context. The resulting derivation will not have a correct store reference, so this is unreliable and may stop working in the future.
✅ nixosConfigurations.default (build skipped)
✅ nixosConfigurations.coding (build skipped)
✅ nixosConfigurations.example (build skipped)
✅ checks.x86_64-linux.coding-eval
warning: The following flake outputs are unchecked: lib.
FLAKECHECK3_EXIT=0
