warning: Git tree '/home/mei/machine0' has uncommitted changes
this derivation will be built:
  /nix/store/0y5qp1adjqp0c77zw6bp3f2jfxi7lsys-zix-0.1.0.drv
these 80 paths will be fetched (35.0 MiB download, 198.9 MiB unpacked):
  /nix/store/x18ccikv1rgh93jpajrwgnv2ska9i2dg-aws-c-auth-0.9.1
  /nix/store/2ylf2pn42cd78j3604f7bj30r19gb6gm-aws-c-cal-0.9.2
  /nix/store/ijkzq0yk6ym4zj010g1xk8n09sfp2pxx-aws-c-common-0.12.4
  /nix/store/17m6an9p8y99x0z949084lcd4icdmfv8-aws-c-compression-0.3.1
  /nix/store/bpsmgmlx0szpcn6xwfv7k0xc05hdw2js-aws-c-event-stream-0.5.7
  /nix/store/2wi98yzfnykfvcskcnhzrwpxjq2rqk8x-aws-c-http-0.10.4
  /nix/store/g9fn0g1j29fa10pqzhxgxlbashf95vql-aws-c-io-0.22.0
  /nix/store/p9n5l7p78a5v5y0akw7xl413h3mrdrni-aws-c-mqtt-0.13.3
  /nix/store/xr5hnxrz2fba06m0dcxfbz63wq6ki6xk-aws-c-s3-0.8.7
  /nix/store/081s85724cb34lh2bmy3x2m2lrxv3aky-aws-c-sdkutils-0.2.4
  /nix/store/y0pm27vmn8ri3qax72y5gaxxmsrmcdwg-aws-checksums-0.2.7
  /nix/store/n51r719q5ja39y2hnxkmbnkdmxakvvlm-aws-crt-cpp-0.34.3
  /nix/store/60c1415hand6q5vgqvn97gjwbg8icq9f-aws-sdk-cpp-1.11.647
  /nix/store/7ma8b33wl2h1hpmd0ar02yyivmah9v56-boehm-gc-8.2.8
  /nix/store/3z7x7ng313wjfwgxs4iwgagdgpkhn9fm-boost-1.87.0
  /nix/store/1xbb7mkcwzpci1sifmiw4ag1ynllzcba-busybox-1.36.1
  /nix/store/dswih30s4fkxm8rn401f1pp13cyn8lpw-editline-1.17.1-unstable-2025-05-24
  /nix/store/nzl79pryz8bzzkpq3j6l87jdiikfksqz-gettext-0.25.1
  /nix/store/fcv2w5c8mi2q8v12in0ryj6am06ql73c-git-2.51.2
  /nix/store/lcdpw4i3b5r4jlp5rp7gy8zv1584pizf-git-2.51.2-doc
  /nix/store/hi4b843q32ab4dfpkxi61nzkwr23rk2c-hwloc-2.12.2-lib
  /nix/store/x8l7zbhqmh0phahxrw7r61wxpw5vcjjh-libarchive-3.8.6-lib
  /nix/store/kl9bbb4s97vlyyyrizdm2x643ymnmjsh-libblake3-1.8.2
  /nix/store/g1wwpjrnasx777xz7pmqyvlr3v88zd7w-libcpuid-0.8.1
  /nix/store/4zh77lqds38akspvxkgdwhpr748x4i70-libgit2-1.9.2-lib
  /nix/store/awqy7a9vqrcmdw6qqwvn434i1v66zxck-libseccomp-2.6.0-lib
  /nix/store/lr6iqp4q8pr1wss47xnvxm157f6444r2-libsodium-1.0.20-unstable-2025-12-31
  /nix/store/kpyp5ihkmjiysa6kmnspkhqp1jic6kwj-libxcrypt-4.5.2
  /nix/store/yk2zlm709xxnx5d6l6h09bv4mwnai7qw-libxml2-2.15.1
  /nix/store/mnvib0xpnsmls82anavsf9c44qkzmsab-llhttp-9.3.0
  /nix/store/664bszjl2cd825xym26dv3pj951db4i3-lowdown-2.0.4-lib
  /nix/store/86n4l5yri6hys3zk2mwy2azcv9prqb8j-nix-2.31.4
  /nix/store/ffyx8ijkf6inkphj3ncz8gmng9yy0747-nix-2.31.4
  /nix/store/cslin24grc8b093wazfkiqc8x2y2bz2w-nix-cmd-2.31.4
  /nix/store/nkjdr180bjqq9h4k3h0zq1h24zbrr6cs-nix-expr-2.31.4
  /nix/store/ah2w9k43vc93q0bqf3xrggq2da7aiqq6-nix-fetchers-2.31.4
  /nix/store/bafj7d3pfclgm2v5qr14bg76rmdlwpy9-nix-flake-2.31.4
  /nix/store/iw4bzlqzy9a6m5cj44wshs0xp1xw4xgb-nix-main-2.31.4
  /nix/store/fcy0z1dxmf27c78n88mi9bwf9p7h1drf-nix-store-2.31.4
  /nix/store/xcsgw2xdy8l5i02f1jpljj51k2il5g8x-nix-util-2.31.4
  /nix/store/pidlm22fbixvi3r57jmjf46k3km0674m-onetbb-2022.3.0
  /nix/store/x17gg3w7lcwiqscqmif25688sivchwsn-perl-5.40.0
  /nix/store/zk7l59sm6mqvcqdhj1lm3vk9zd54ans3-perl5.40.0-Authen-SASL-2.1900
  /nix/store/gh5rgi51yjkcm2qamaqy067z8s00hsxj-perl5.40.0-CGI-4.59
  /nix/store/2i2fa5b8bpmi3s6638qvnmdnggcza3dv-perl5.40.0-CGI-Fast-2.16
  /nix/store/h8kj13sjywgm3iq3ci4ygxid532kbqlm-perl5.40.0-Clone-0.46
  /nix/store/19giww10pgp5rh989ijfgpmsrk1zainb-perl5.40.0-Crypt-URandom-0.55
  /nix/store/m0bzg50fsb3pxgbp28grdjrii4z4hm17-perl5.40.0-Digest-HMAC-1.05
  /nix/store/3m4izk8b7fmhrnng5dh3a9gvadxwp83v-perl5.40.0-Encode-Locale-1.05
  /nix/store/6v9jx3m7lgck049zq3mx31v99kwzfabw-perl5.40.0-FCGI-0.82
  /nix/store/3vxwag3qdxw55lx06l82jbnip1igp6mi-perl5.40.0-FCGI-ProcManager-0.28
  /nix/store/2bsdrdhz0dgp7fyg1si88iw2amb8ssvi-perl5.40.0-File-Listing-6.16
  /nix/store/hfn8hkq16ch3hsbvf6xr5cwkbbjy0k03-perl5.40.0-HTML-Parser-3.81
  /nix/store/vkq8pdxqpg122k4i40jhr1737pnl0mgx-perl5.40.0-HTML-TagCloud-0.38
  /nix/store/l7lz7xmnw11spnx1dv91w4qs215rvlpx-perl5.40.0-HTML-Tagset-3.20
  /nix/store/8lg24l58n2jqdqr4ix8an3kc2gavc5c8-perl5.40.0-HTTP-CookieJar-0.014
  /nix/store/x1jc5s4rbkw9l8q1zp95x4wr0cbfqflw-perl5.40.0-HTTP-Cookies-6.10
  /nix/store/58qhvlmi0r8g94hdym034vg0w6yd2sby-perl5.40.0-HTTP-Daemon-6.16
  /nix/store/a3pkv4dammbf0q7lrrw9a72zph5ggpz6-perl5.40.0-HTTP-Date-6.06
  /nix/store/0kyb6pmcwani1w1j6faf1ir4szbiw123-perl5.40.0-HTTP-Message-6.45
  /nix/store/h61g805z0cxa1jpm5bd2n7cfbn73y0x0-perl5.40.0-HTTP-Negotiate-6.01
  /nix/store/gggq4z3cg9sig3l1szhixyl00v2p6aa5-perl5.40.0-IO-HTML-1.004
  /nix/store/biibrgicmb9f47kflmzl7dmnkyqla9xj-perl5.40.0-IO-Socket-SSL-2.083
  /nix/store/qar6xcxnpqvf1m0jbm3s24vni0r3lag8-perl5.40.0-LWP-MediaTypes-6.04
  /nix/store/fwbpvzsxzpycxm43qhrh87niz2aan531-perl5.40.0-Mozilla-CA-20230821
  /nix/store/lllafcs6w9lrfxrydg2c6anjdbw9x1sp-perl5.40.0-Net-HTTP-6.23
  /nix/store/7xh42girixn1hpwbxryz8wn791rdi7rg-perl5.40.0-Net-SMTP-SSL-1.04
  /nix/store/p61wnpx83c9zskvpciimj3lsrasjg02n-perl5.40.0-Net-SSLeay-1.92
  /nix/store/ss145r3rrla7jl8a3w8c7liy8arha484-perl5.40.0-TermReadKey-2.38
  /nix/store/6kmhn4jhq5ymis9yyapcj5fzr9ijs9ba-perl5.40.0-Test-Fatal-0.017
  /nix/store/i2b6xgwa5455nqfhnxxywbf4hqp1dp1w-perl5.40.0-Test-Needs-0.002010
  /nix/store/znfwp3ccnvbydrbflc76rfjxp65gnrpc-perl5.40.0-Test-RequiresInternet-0.05
  /nix/store/szgwbcayml0basqbjs39s7p9aclz81rn-perl5.40.0-TimeDate-2.33
  /nix/store/4j4bif1slbnaq0m0jihxavsx1k32lcqz-perl5.40.0-Try-Tiny-0.31
  /nix/store/r0b6g4wjnpwv0sj5ynp9y5v1ma1njgl0-perl5.40.0-URI-5.21
  /nix/store/78mzgkswfx7r2pd26sj8yaskcna0b8xr-perl5.40.0-WWW-RobotRules-6.02
  /nix/store/r015h6w9c9aygyhvs1n26kdykyg83qk7-perl5.40.0-libnet-3.15
  /nix/store/201vdyj63whfpdxscmy034ff0dwprhqm-perl5.40.0-libwww-perl-6.72
  /nix/store/9rr8g0sda5220rsl7k10qfv1dk84wadd-s2n-tls-1.5.27
  /nix/store/znxhvvz156vd39iqfplrkqwhxfhsg968-zlib-ng-2.2.5
copying path '/nix/store/lcdpw4i3b5r4jlp5rp7gy8zv1584pizf-git-2.51.2-doc' from 'https://cache.nixos.org'...
copying path '/nix/store/m0bzg50fsb3pxgbp28grdjrii4z4hm17-perl5.40.0-Digest-HMAC-1.05' from 'https://cache.nixos.org'...
copying path '/nix/store/3vxwag3qdxw55lx06l82jbnip1igp6mi-perl5.40.0-FCGI-ProcManager-0.28' from 'https://cache.nixos.org'...
copying path '/nix/store/vkq8pdxqpg122k4i40jhr1737pnl0mgx-perl5.40.0-HTML-TagCloud-0.38' from 'https://cache.nixos.org'...
copying path '/nix/store/r0b6g4wjnpwv0sj5ynp9y5v1ma1njgl0-perl5.40.0-URI-5.21' from 'https://cache.nixos.org'...
copying path '/nix/store/r015h6w9c9aygyhvs1n26kdykyg83qk7-perl5.40.0-libnet-3.15' from 'https://cache.nixos.org'...
copying path '/nix/store/3m4izk8b7fmhrnng5dh3a9gvadxwp83v-perl5.40.0-Encode-Locale-1.05' from 'https://cache.nixos.org'...
copying path '/nix/store/l7lz7xmnw11spnx1dv91w4qs215rvlpx-perl5.40.0-HTML-Tagset-3.20' from 'https://cache.nixos.org'...
copying path '/nix/store/gggq4z3cg9sig3l1szhixyl00v2p6aa5-perl5.40.0-IO-HTML-1.004' from 'https://cache.nixos.org'...
copying path '/nix/store/qar6xcxnpqvf1m0jbm3s24vni0r3lag8-perl5.40.0-LWP-MediaTypes-6.04' from 'https://cache.nixos.org'...
copying path '/nix/store/fwbpvzsxzpycxm43qhrh87niz2aan531-perl5.40.0-Mozilla-CA-20230821' from 'https://cache.nixos.org'...
copying path '/nix/store/i2b6xgwa5455nqfhnxxywbf4hqp1dp1w-perl5.40.0-Test-Needs-0.002010' from 'https://cache.nixos.org'...
copying path '/nix/store/znfwp3ccnvbydrbflc76rfjxp65gnrpc-perl5.40.0-Test-RequiresInternet-0.05' from 'https://cache.nixos.org'...
copying path '/nix/store/szgwbcayml0basqbjs39s7p9aclz81rn-perl5.40.0-TimeDate-2.33' from 'https://cache.nixos.org'...
copying path '/nix/store/4j4bif1slbnaq0m0jihxavsx1k32lcqz-perl5.40.0-Try-Tiny-0.31' from 'https://cache.nixos.org'...
copying path '/nix/store/7ma8b33wl2h1hpmd0ar02yyivmah9v56-boehm-gc-8.2.8' from 'https://cache.nixos.org'...
copying path '/nix/store/ijkzq0yk6ym4zj010g1xk8n09sfp2pxx-aws-c-common-0.12.4' from 'https://cache.nixos.org'...
copying path '/nix/store/3z7x7ng313wjfwgxs4iwgagdgpkhn9fm-boost-1.87.0' from 'https://cache.nixos.org'...
copying path '/nix/store/1xbb7mkcwzpci1sifmiw4ag1ynllzcba-busybox-1.36.1' from 'https://cache.nixos.org'...
copying path '/nix/store/dswih30s4fkxm8rn401f1pp13cyn8lpw-editline-1.17.1-unstable-2025-05-24' from 'https://cache.nixos.org'...
copying path '/nix/store/nzl79pryz8bzzkpq3j6l87jdiikfksqz-gettext-0.25.1' from 'https://cache.nixos.org'...
copying path '/nix/store/hi4b843q32ab4dfpkxi61nzkwr23rk2c-hwloc-2.12.2-lib' from 'https://cache.nixos.org'...
copying path '/nix/store/g1wwpjrnasx777xz7pmqyvlr3v88zd7w-libcpuid-0.8.1' from 'https://cache.nixos.org'...
copying path '/nix/store/awqy7a9vqrcmdw6qqwvn434i1v66zxck-libseccomp-2.6.0-lib' from 'https://cache.nixos.org'...
copying path '/nix/store/lr6iqp4q8pr1wss47xnvxm157f6444r2-libsodium-1.0.20-unstable-2025-12-31' from 'https://cache.nixos.org'...
copying path '/nix/store/kpyp5ihkmjiysa6kmnspkhqp1jic6kwj-libxcrypt-4.5.2' from 'https://cache.nixos.org'...
copying path '/nix/store/yk2zlm709xxnx5d6l6h09bv4mwnai7qw-libxml2-2.15.1' from 'https://cache.nixos.org'...
copying path '/nix/store/mnvib0xpnsmls82anavsf9c44qkzmsab-llhttp-9.3.0' from 'https://cache.nixos.org'...
copying path '/nix/store/664bszjl2cd825xym26dv3pj951db4i3-lowdown-2.0.4-lib' from 'https://cache.nixos.org'...
copying path '/nix/store/h8kj13sjywgm3iq3ci4ygxid532kbqlm-perl5.40.0-Clone-0.46' from 'https://cache.nixos.org'...
copying path '/nix/store/19giww10pgp5rh989ijfgpmsrk1zainb-perl5.40.0-Crypt-URandom-0.55' from 'https://cache.nixos.org'...
copying path '/nix/store/6v9jx3m7lgck049zq3mx31v99kwzfabw-perl5.40.0-FCGI-0.82' from 'https://cache.nixos.org'...
copying path '/nix/store/a3pkv4dammbf0q7lrrw9a72zph5ggpz6-perl5.40.0-HTTP-Date-6.06' from 'https://cache.nixos.org'...
copying path '/nix/store/lllafcs6w9lrfxrydg2c6anjdbw9x1sp-perl5.40.0-Net-HTTP-6.23' from 'https://cache.nixos.org'...
copying path '/nix/store/p61wnpx83c9zskvpciimj3lsrasjg02n-perl5.40.0-Net-SSLeay-1.92' from 'https://cache.nixos.org'...
copying path '/nix/store/ss145r3rrla7jl8a3w8c7liy8arha484-perl5.40.0-TermReadKey-2.38' from 'https://cache.nixos.org'...
copying path '/nix/store/6kmhn4jhq5ymis9yyapcj5fzr9ijs9ba-perl5.40.0-Test-Fatal-0.017' from 'https://cache.nixos.org'...
copying path '/nix/store/78mzgkswfx7r2pd26sj8yaskcna0b8xr-perl5.40.0-WWW-RobotRules-6.02' from 'https://cache.nixos.org'...
copying path '/nix/store/9rr8g0sda5220rsl7k10qfv1dk84wadd-s2n-tls-1.5.27' from 'https://cache.nixos.org'...
copying path '/nix/store/2ylf2pn42cd78j3604f7bj30r19gb6gm-aws-c-cal-0.9.2' from 'https://cache.nixos.org'...
copying path '/nix/store/znxhvvz156vd39iqfplrkqwhxfhsg968-zlib-ng-2.2.5' from 'https://cache.nixos.org'...
copying path '/nix/store/17m6an9p8y99x0z949084lcd4icdmfv8-aws-c-compression-0.3.1' from 'https://cache.nixos.org'...
copying path '/nix/store/081s85724cb34lh2bmy3x2m2lrxv3aky-aws-c-sdkutils-0.2.4' from 'https://cache.nixos.org'...
copying path '/nix/store/y0pm27vmn8ri3qax72y5gaxxmsrmcdwg-aws-checksums-0.2.7' from 'https://cache.nixos.org'...
copying path '/nix/store/x8l7zbhqmh0phahxrw7r61wxpw5vcjjh-libarchive-3.8.6-lib' from 'https://cache.nixos.org'...
copying path '/nix/store/4zh77lqds38akspvxkgdwhpr748x4i70-libgit2-1.9.2-lib' from 'https://cache.nixos.org'...
copying path '/nix/store/pidlm22fbixvi3r57jmjf46k3km0674m-onetbb-2022.3.0' from 'https://cache.nixos.org'...
copying path '/nix/store/x17gg3w7lcwiqscqmif25688sivchwsn-perl-5.40.0' from 'https://cache.nixos.org'...
copying path '/nix/store/zk7l59sm6mqvcqdhj1lm3vk9zd54ans3-perl5.40.0-Authen-SASL-2.1900' from 'https://cache.nixos.org'...
copying path '/nix/store/2bsdrdhz0dgp7fyg1si88iw2amb8ssvi-perl5.40.0-File-Listing-6.16' from 'https://cache.nixos.org'...
copying path '/nix/store/0kyb6pmcwani1w1j6faf1ir4szbiw123-perl5.40.0-HTTP-Message-6.45' from 'https://cache.nixos.org'...
copying path '/nix/store/8lg24l58n2jqdqr4ix8an3kc2gavc5c8-perl5.40.0-HTTP-CookieJar-0.014' from 'https://cache.nixos.org'...
copying path '/nix/store/biibrgicmb9f47kflmzl7dmnkyqla9xj-perl5.40.0-IO-Socket-SSL-2.083' from 'https://cache.nixos.org'...
copying path '/nix/store/g9fn0g1j29fa10pqzhxgxlbashf95vql-aws-c-io-0.22.0' from 'https://cache.nixos.org'...
copying path '/nix/store/kl9bbb4s97vlyyyrizdm2x643ymnmjsh-libblake3-1.8.2' from 'https://cache.nixos.org'...
copying path '/nix/store/7xh42girixn1hpwbxryz8wn791rdi7rg-perl5.40.0-Net-SMTP-SSL-1.04' from 'https://cache.nixos.org'...
copying path '/nix/store/x1jc5s4rbkw9l8q1zp95x4wr0cbfqflw-perl5.40.0-HTTP-Cookies-6.10' from 'https://cache.nixos.org'...
copying path '/nix/store/58qhvlmi0r8g94hdym034vg0w6yd2sby-perl5.40.0-HTTP-Daemon-6.16' from 'https://cache.nixos.org'...
copying path '/nix/store/h61g805z0cxa1jpm5bd2n7cfbn73y0x0-perl5.40.0-HTTP-Negotiate-6.01' from 'https://cache.nixos.org'...
copying path '/nix/store/hfn8hkq16ch3hsbvf6xr5cwkbbjy0k03-perl5.40.0-HTML-Parser-3.81' from 'https://cache.nixos.org'...
copying path '/nix/store/bpsmgmlx0szpcn6xwfv7k0xc05hdw2js-aws-c-event-stream-0.5.7' from 'https://cache.nixos.org'...
copying path '/nix/store/2wi98yzfnykfvcskcnhzrwpxjq2rqk8x-aws-c-http-0.10.4' from 'https://cache.nixos.org'...
copying path '/nix/store/xcsgw2xdy8l5i02f1jpljj51k2il5g8x-nix-util-2.31.4' from 'https://cache.nixos.org'...
copying path '/nix/store/gh5rgi51yjkcm2qamaqy067z8s00hsxj-perl5.40.0-CGI-4.59' from 'https://cache.nixos.org'...
copying path '/nix/store/x18ccikv1rgh93jpajrwgnv2ska9i2dg-aws-c-auth-0.9.1' from 'https://cache.nixos.org'...
copying path '/nix/store/p9n5l7p78a5v5y0akw7xl413h3mrdrni-aws-c-mqtt-0.13.3' from 'https://cache.nixos.org'...
copying path '/nix/store/xr5hnxrz2fba06m0dcxfbz63wq6ki6xk-aws-c-s3-0.8.7' from 'https://cache.nixos.org'...
copying path '/nix/store/2i2fa5b8bpmi3s6638qvnmdnggcza3dv-perl5.40.0-CGI-Fast-2.16' from 'https://cache.nixos.org'...
copying path '/nix/store/n51r719q5ja39y2hnxkmbnkdmxakvvlm-aws-crt-cpp-0.34.3' from 'https://cache.nixos.org'...
copying path '/nix/store/60c1415hand6q5vgqvn97gjwbg8icq9f-aws-sdk-cpp-1.11.647' from 'https://cache.nixos.org'...
copying path '/nix/store/fcy0z1dxmf27c78n88mi9bwf9p7h1drf-nix-store-2.31.4' from 'https://cache.nixos.org'...
copying path '/nix/store/ah2w9k43vc93q0bqf3xrggq2da7aiqq6-nix-fetchers-2.31.4' from 'https://cache.nixos.org'...
copying path '/nix/store/iw4bzlqzy9a6m5cj44wshs0xp1xw4xgb-nix-main-2.31.4' from 'https://cache.nixos.org'...
copying path '/nix/store/201vdyj63whfpdxscmy034ff0dwprhqm-perl5.40.0-libwww-perl-6.72' from 'https://cache.nixos.org'...
copying path '/nix/store/fcv2w5c8mi2q8v12in0ryj6am06ql73c-git-2.51.2' from 'https://cache.nixos.org'...
copying path '/nix/store/nkjdr180bjqq9h4k3h0zq1h24zbrr6cs-nix-expr-2.31.4' from 'https://cache.nixos.org'...
copying path '/nix/store/bafj7d3pfclgm2v5qr14bg76rmdlwpy9-nix-flake-2.31.4' from 'https://cache.nixos.org'...
copying path '/nix/store/cslin24grc8b093wazfkiqc8x2y2bz2w-nix-cmd-2.31.4' from 'https://cache.nixos.org'...
copying path '/nix/store/ffyx8ijkf6inkphj3ncz8gmng9yy0747-nix-2.31.4' from 'https://cache.nixos.org'...
copying path '/nix/store/86n4l5yri6hys3zk2mwy2azcv9prqb8j-nix-2.31.4' from 'https://cache.nixos.org'...
building '/nix/store/0y5qp1adjqp0c77zw6bp3f2jfxi7lsys-zix-0.1.0.drv'...
/nix/store/ab7g67rnm4y6wy1c242y7ghkg7wdlg3p-zix-0.1.0
ZIX_BUILD2_EXIT=0
