warning: Git tree '/home/mei/machine0' has uncommitted changes
this derivation will be built:
  /nix/store/9fnsydyylqrl0ccl1g7lz4xmbz4jnlbm-zix-0.2.0.drv
building '/nix/store/9fnsydyylqrl0ccl1g7lz4xmbz4jnlbm-zix-0.2.0.drv'...
/nix/store/178k0k0k7hjppdwf24icpxdsyxxbnpdl-zix-0.2.0
FINAL_ZIXBUILD_EXIT=0
warning: Git tree '/home/mei/machine0' has uncommitted changes
evaluating 'apps'...
evaluating 'checks'...
evaluating 'apps'...
evaluating 'checks'...
evaluating 'checks.x86_64-linux'...
evaluating 'apps.x86_64-linux'...
evaluating 'lib'...
evaluating 'nixosConfigurations'...
evaluating 'checks.x86_64-linux.coding-eval'...
evaluating 'nixosConfigurations'...
evaluating 'nixosModules'...
evaluating 'apps.x86_64-linux.zix'...
evaluating 'nixosModules'...
evaluating 'nixosConfigurations.default'...
evaluating 'nixosConfigurations.coding'...
evaluating 'nixosConfigurations.example'...
running flake check 'apps.x86_64-linux.zix.isValidApp'...
evaluating 'nixosModules.example'...
evaluating 'nixosModules.default'...
evaluating 'nixosModules.coding'...
running flake check 'nixosModules.example.isFunctionOrAttrs'...
✅ nixosModules.example
running flake check 'nixosModules.coding.isFunctionOrAttrs'...
running flake check 'nixosModules.default.isFunctionOrAttrs'...
✅ nixosModules.coding
✅ nixosModules.default
evaluating 'packages'...
evaluating 'packages'...
evaluating 'packages.x86_64-linux'...
evaluating 'packages.x86_64-linux.example'...
evaluating 'packages.x86_64-linux.coding'...
evaluating 'packages.x86_64-linux.default'...
evaluating 'packages.x86_64-linux.omo'...
evaluating 'packages.x86_64-linux.zix'...
evaluating 'packages.x86_64-linux.dsh'...
✅ packages.x86_64-linux.zix (build skipped)
✅ packages.x86_64-linux.omo (build skipped)
✅ packages.x86_64-linux.dsh (build skipped)
✅ packages.x86_64-linux.example (build skipped)
✅ packages.x86_64-linux.default (build skipped)
✅ packages.x86_64-linux.coding (build skipped)
✅ apps.x86_64-linux.zix
warning: Using 'builtins.derivation' to create a derivation named 'options.json' that references the store path '/nix/store/x6syzklc01b6hqdbf4dgs2ilg4gs21qh-source' without a proper context. The resulting derivation will not have a correct store reference, so this is unreliable and may stop working in the future.
warning: Using 'builtins.derivation' to create a derivation named 'options.json' that references the store path '/nix/store/x6syzklc01b6hqdbf4dgs2ilg4gs21qh-source' without a proper context. The resulting derivation will not have a correct store reference, so this is unreliable and may stop working in the future.
warning: Using 'builtins.derivation' to create a derivation named 'options.json' that references the store path '/nix/store/x6syzklc01b6hqdbf4dgs2ilg4gs21qh-source' without a proper context. The resulting derivation will not have a correct store reference, so this is unreliable and may stop working in the future.
✅ nixosConfigurations.default (build skipped)
✅ nixosConfigurations.coding (build skipped)
✅ nixosConfigurations.example (build skipped)
✅ checks.x86_64-linux.coding-eval
warning: The following flake outputs are unchecked: lib.
FINAL_FLAKE_EXIT=0
