warning: Git tree '/home/mei/machine0' has uncommitted changes
these 2 derivations will be built:
  /nix/store/7jkgv05f8ld4q970vzscvxnxv72wxrgm-omo-5.1.22-npm-deps.drv
  /nix/store/25ks4mafvrx8sn3mmziial50d88qacx3-omo-5.1.22.drv
these 91 paths will be fetched (228.3 MiB download, 1.2 GiB unpacked):
  /nix/store/6170574n49blxp3r9j94wrm61hcx854c-acl-2.3.2
  /nix/store/qfb2ziys559b8rv50ij2inkc7a03qs3d-attr-2.5.2
  /nix/store/wv8bpzriikv65xnd1vciqpq7rnr8h2q2-bash-5.3p3
  /nix/store/nilkcchyj1l9ix3ww4p1fby7v00dwkpc-bash-interactive-5.3p3
  /nix/store/i839kg98izahkn1iq17sn3wliliic7pm-binutils-2.44
  /nix/store/rk9zb6sdyn4wq3i9m6p6zpkclpzkak7v-binutils-2.44-lib
  /nix/store/hnan7l0v68sahyxbazz5y358prz253d1-binutils-wrapper-2.44
  /nix/store/nq7g6qdl09qmazansgn0dfl6v73g5zzy-brotli-1.1.0-lib
  /nix/store/xf6anm0sp7g4hp69icj6dhv07xlbipl0-bzip2-1.0.8
  /nix/store/4dw28arywjzgjv86bdclcq0dqv5y0jp8-bzip2-1.0.8-bin
  /nix/store/vzx1mi9c0xfadmsm9dhd83d005cb1qs9-coreutils-9.8
  /nix/store/81pss1srk50jq813fn24z89hg2dbqaxz-curl-8.19.0
  /nix/store/ilwfjmpg0vr7bm947cqlcj7jnqa1ns5b-die-hook
  /nix/store/i53xmvs8bz7sjyhqp3wl83pw25j86hc9-diffutils-3.12
  /nix/store/x28rbjkqynb8vd5s3ng6ibvbn00dp8a5-ed-1.22.2
  /nix/store/5i591zw3drkrai4ms2qqjzdhmzzsymw8-expand-response-params
  /nix/store/js1z62c5fm477q65iwy62r3q5i7k6zw0-expat-2.7.5
  /nix/store/035z9lfb8330g10pv137084h9n42j84h-file-5.45
  /nix/store/7vl12if4xsjwx8ccl90qjx2r0z6acqlj-findutils-4.10.0
  /nix/store/warr9dcy6aw1hhgzccadq6ldvmjnn10k-gawk-5.3.2
  /nix/store/06409a3d2d3b1113zdk9rm5a3ns4rizz-gcc-14.3.0
  /nix/store/1xw5xccqqh1xw3mvd70hyil6x418wxcm-gcc-14.3.0-lib
  /nix/store/xqgj6py3hb44dvinh6isa7hdr3d72a5l-gcc-14.3.0-libgcc
  /nix/store/kilyfvfmh9x9rlaj47ph1916lbc1pnsr-gcc-wrapper-14.3.0
  /nix/store/8pm74w3r2ip1jzj9hvdnc50mrdmz05k5-gdbm-1.26-lib
  /nix/store/pdwlyjkmc6icc0wb5gaw08m9ynqrg683-glibc-2.40-218
  /nix/store/jbmmanvw6drvsrq723s3n9qqsdwfd1bl-glibc-2.40-218-bin
  /nix/store/903kx9pwhyzswmx1caf7rc8idram9vdq-glibc-2.40-218-dev
  /nix/store/pmpyfb4pgazm3iv70bnsmvp6a41pmbg5-gmp-6.3.0
  /nix/store/4hqhnbmw6n9xdgp0vy7lzmjiz7rdqjk8-gmp-with-cxx-6.3.0
  /nix/store/p8l5x4p3cf8vwbssaq7dhnlsgl5nrq1j-gnu-config-2024-01-01
  /nix/store/ph2lki556zck2g99ngzy2f451ly9pvy4-gnugrep-3.12
  /nix/store/3zcs23yc1wbjkmd7s1fp7dncvy17dhr3-gnumake-4.4.1
  /nix/store/cajg449qn174z6lckd5nl3f6j4qf0j6h-gnused-4.9
  /nix/store/df3vxyq7lwf9l02h0wljsq0h3189rp75-gnutar-1.35
  /nix/store/dv49sc8jjw07mp9ns7m2m63dl96r1j84-gzip-1.14
  /nix/store/s8q1lhw9dbscvhz6d66v6axgkcdm14lf-icu4c-76.1
  /nix/store/18a2lp1sj2b0v5r1c3kbsn08iqii352c-icu4c-76.1-dev
  /nix/store/r03c5f9wrcw6g80lphgdwlg2rp4p2m5r-install-shell-files
  /nix/store/214g5k8462lz5bvmb04w0c3cxdrp9dvf-isl-0.20
  /nix/store/2rapwrrqandpffn75899hqbq8xpagd2r-jq-1.8.1
  /nix/store/07n3zchljjvisq8l58cnr4zp8yzbq21q-jq-1.8.1-bin
  /nix/store/ip7j3fm64fffn87cmrn1zldn6df5izkd-keyutils-1.6.3-lib
  /nix/store/b1427cr48rk9waxs7cqybjk0fzwgyjfx-krb5-1.22.1-lib
  /nix/store/6rwsi7k52chjbpxr74khmzdr5hzlc4bb-libffi-3.5.2
  /nix/store/jd92kq23zg9vk4six3hfjcxfby1rfp57-libmpc-1.3.1
  /nix/store/jc0q3wv7s1r323nw7psq90fif01fcfyi-libpsl-0.21.5
  /nix/store/8sjns33impvxcrg7hk67mymakd695jn3-libssh2-1.11.1
  /nix/store/g1rb1xf5a2bklk6zsyivl4665cjz4xls-libuv-1.51.0
  /nix/store/3pgsnlrqly9pq27ynksml7462105qv36-libuv-1.51.0-dev
  /nix/store/9a975kwlj5hyfq8y6hsapfaj5pj7g090-linux-headers-6.16.7
  /nix/store/7mbancpp4llb2jhnxiwipp9qb8nm31yz-mailcap-2.1.54
  /nix/store/7mak4di4q7xvlb4rpm19dyjf3829vqam-make-shell-wrapper-hook
  /nix/store/h5k8s7r18w0dgmk8mgzb0s4wkzmir7xp-mpdecimal-4.0.1
  /nix/store/dc26wqbswcz683a1czpq3zs3qfcql05k-mpfr-4.2.2
  /nix/store/45z5ja3qb26d66l44gkni38r7bk36fnh-ncurses-6.5
  /nix/store/qfk5ln8pqyp5falafwnf1r96357nfaqc-nghttp2-1.67.1-lib
  /nix/store/6m0aw51lhxcj8jdq11br6y668n82wisl-nghttp3-1.12.0
  /nix/store/c32zz9mzvakylqf2fvpjmwdhcj68123c-ngtcp2-1.17.0
  /nix/store/a6wmp2d9v6s39lbsvsb8dssdahdbfc05-nodejs-24.14.1
  /nix/store/ll6i9jssq3jfbdvydj7ry2ri46j5mz1l-nodejs-24.14.1-dev
  /nix/store/4p2frvfaw4r5m9n6ygdzhck93icnkxyz-nodejs-24.14.1-source
  /nix/store/gpizpwj37hw5snjy9939s4b8lp2a088d-nodejs-install-executables
  /nix/store/ym9pn6f1i3af4wfn79rn7jvj80y3h5r9-nodejs-install-manuals
  /nix/store/1s6n7x860l98z8d7rd2vjklirw4pilv4-npm-build-hook
  /nix/store/10yk0cp1vcvmyxsyjs14m18z3rkjanac-npm-config-hook
  /nix/store/gvfbfi7z3gd594zav7jcf0rgcfqlgv8n-npm-install-hook
  /nix/store/j3nmksvgdh6d1hm5xlwns8zpnbhqlj2f-oniguruma-6.9.10-lib
  /nix/store/i8qhanfxfgwnr6a4pdd9f2qyl1rgi94p-openssl-3.6.1
  /nix/store/kz02r8w4x09hzmg553p9hdp86p9rglp7-openssl-3.6.1-bin
  /nix/store/a6v5gk9mqcbdjlb8x0gs3yia2dcvmxcl-openssl-3.6.1-dev
  /nix/store/ghy5v6b9sghzmvimsc3z5szia69p0v3f-patch-2.8
  /nix/store/wz8vwkh35989vygvf5ygwiy0189k43s8-patchelf-0.15.2
  /nix/store/9jzp4zpxzjaz9xhpmqlrgz06m166p8kh-pcre2-10.46
  /nix/store/4ppcvgn2pp9habj25gf5wqkkc11q0gn4-prefetch-npm-deps-0.1.0
  /nix/store/ng1bm0c3gjcc0avb4ms3nynyyqq2s03l-publicsuffix-list-0-unstable-2026-01-25
  /nix/store/qwb5ygz9k8gs5ql9bpxbrsrv12r1icgm-python3-3.13.12
  /nix/store/5dryx9s78rifhiw2nnagx439922y2kpw-readline-8.3p1
  /nix/store/0vpj29gvvl1z9fjwh4lk9fiyvkqf21px-sqlite-3.50.4
  /nix/store/bvh15gbs9p42cdkq0cf7zxy97ypynirr-sqlite-3.50.4-bin
  /nix/store/12i539fp5p02ymh0hnvivb64dkzyavh6-sqlite-3.50.4-dev
  /nix/store/n84bgxb2qxhfph1ria0xxlhjhpg48740-stdenv-linux
  /nix/store/sgz04vy3x5cvg9kqq9vlm93qi1n2pb6k-stdenv-linux
  /nix/store/k50yfm9fm62s4h9c1shs0dwwl4y28a78-tzdata-2026a
  /nix/store/rzy7aqkzhw1jwnkvqzxw84qsjpq0vx5c-update-autotools-gnu-config-scripts-hook
  /nix/store/32ppr0svyq3mqwm228pks8ysf8rm0fqc-util-linux-minimal-2.41.3-lib
  /nix/store/ldh38gqcbfp15l04c1iw6q08qh48651h-xz-5.8.1
  /nix/store/x3ycwj97ca9kma36a02a4h5n2rri64rp-xz-5.8.1-bin
  /nix/store/6v5hbaxvndmaf21rfyryxpn1xjkljrid-zlib-1.3.2
  /nix/store/0076ndvx724b4icqkmgiwfmnlp5hbw6x-zlib-1.3.2-dev
  /nix/store/00qn3vc7r4m32c072kjnrbxd86w9slzj-zstd-1.5.7
copying path '/nix/store/1s6n7x860l98z8d7rd2vjklirw4pilv4-npm-build-hook' from 'https://cache.nixos.org'...
copying path '/nix/store/ilwfjmpg0vr7bm947cqlcj7jnqa1ns5b-die-hook' from 'https://cache.nixos.org'...
copying path '/nix/store/r03c5f9wrcw6g80lphgdwlg2rp4p2m5r-install-shell-files' from 'https://cache.nixos.org'...
copying path '/nix/store/4p2frvfaw4r5m9n6ygdzhck93icnkxyz-nodejs-24.14.1-source' from 'https://cache.nixos.org'...
copying path '/nix/store/7mbancpp4llb2jhnxiwipp9qb8nm31yz-mailcap-2.1.54' from 'https://cache.nixos.org'...
copying path '/nix/store/xqgj6py3hb44dvinh6isa7hdr3d72a5l-gcc-14.3.0-libgcc' from 'https://cache.nixos.org'...
copying path '/nix/store/k50yfm9fm62s4h9c1shs0dwwl4y28a78-tzdata-2026a' from 'https://cache.nixos.org'...
copying path '/nix/store/p8l5x4p3cf8vwbssaq7dhnlsgl5nrq1j-gnu-config-2024-01-01' from 'https://cache.nixos.org'...
copying path '/nix/store/9a975kwlj5hyfq8y6hsapfaj5pj7g090-linux-headers-6.16.7' from 'https://cache.nixos.org'...
copying path '/nix/store/pdwlyjkmc6icc0wb5gaw08m9ynqrg683-glibc-2.40-218' from 'https://cache.nixos.org'...
copying path '/nix/store/ng1bm0c3gjcc0avb4ms3nynyyqq2s03l-publicsuffix-list-0-unstable-2026-01-25' from 'https://cache.nixos.org'...
copying path '/nix/store/rzy7aqkzhw1jwnkvqzxw84qsjpq0vx5c-update-autotools-gnu-config-scripts-hook' from 'https://cache.nixos.org'...
copying path '/nix/store/qfb2ziys559b8rv50ij2inkc7a03qs3d-attr-2.5.2' from 'https://cache.nixos.org'...
copying path '/nix/store/wv8bpzriikv65xnd1vciqpq7rnr8h2q2-bash-5.3p3' from 'https://cache.nixos.org'...
copying path '/nix/store/x28rbjkqynb8vd5s3ng6ibvbn00dp8a5-ed-1.22.2' from 'https://cache.nixos.org'...
copying path '/nix/store/pmpyfb4pgazm3iv70bnsmvp6a41pmbg5-gmp-6.3.0' from 'https://cache.nixos.org'...
copying path '/nix/store/nq7g6qdl09qmazansgn0dfl6v73g5zzy-brotli-1.1.0-lib' from 'https://cache.nixos.org'...
copying path '/nix/store/xf6anm0sp7g4hp69icj6dhv07xlbipl0-bzip2-1.0.8' from 'https://cache.nixos.org'...
copying path '/nix/store/cajg449qn174z6lckd5nl3f6j4qf0j6h-gnused-4.9' from 'https://cache.nixos.org'...
copying path '/nix/store/1xw5xccqqh1xw3mvd70hyil6x418wxcm-gcc-14.3.0-lib' from 'https://cache.nixos.org'...
copying path '/nix/store/ip7j3fm64fffn87cmrn1zldn6df5izkd-keyutils-1.6.3-lib' from 'https://cache.nixos.org'...
copying path '/nix/store/3zcs23yc1wbjkmd7s1fp7dncvy17dhr3-gnumake-4.4.1' from 'https://cache.nixos.org'...
copying path '/nix/store/js1z62c5fm477q65iwy62r3q5i7k6zw0-expat-2.7.5' from 'https://cache.nixos.org'...
copying path '/nix/store/warr9dcy6aw1hhgzccadq6ldvmjnn10k-gawk-5.3.2' from 'https://cache.nixos.org'...
copying path '/nix/store/jbmmanvw6drvsrq723s3n9qqsdwfd1bl-glibc-2.40-218-bin' from 'https://cache.nixos.org'...
copying path '/nix/store/8pm74w3r2ip1jzj9hvdnc50mrdmz05k5-gdbm-1.26-lib' from 'https://cache.nixos.org'...
copying path '/nix/store/5i591zw3drkrai4ms2qqjzdhmzzsymw8-expand-response-params' from 'https://cache.nixos.org'...
copying path '/nix/store/6rwsi7k52chjbpxr74khmzdr5hzlc4bb-libffi-3.5.2' from 'https://cache.nixos.org'...
copying path '/nix/store/6170574n49blxp3r9j94wrm61hcx854c-acl-2.3.2' from 'https://cache.nixos.org'...
copying path '/nix/store/4dw28arywjzgjv86bdclcq0dqv5y0jp8-bzip2-1.0.8-bin' from 'https://cache.nixos.org'...
copying path '/nix/store/jc0q3wv7s1r323nw7psq90fif01fcfyi-libpsl-0.21.5' from 'https://cache.nixos.org'...
copying path '/nix/store/g1rb1xf5a2bklk6zsyivl4665cjz4xls-libuv-1.51.0' from 'https://cache.nixos.org'...
copying path '/nix/store/h5k8s7r18w0dgmk8mgzb0s4wkzmir7xp-mpdecimal-4.0.1' from 'https://cache.nixos.org'...
copying path '/nix/store/45z5ja3qb26d66l44gkni38r7bk36fnh-ncurses-6.5' from 'https://cache.nixos.org'...
copying path '/nix/store/qfk5ln8pqyp5falafwnf1r96357nfaqc-nghttp2-1.67.1-lib' from 'https://cache.nixos.org'...
copying path '/nix/store/6m0aw51lhxcj8jdq11br6y668n82wisl-nghttp3-1.12.0' from 'https://cache.nixos.org'...
copying path '/nix/store/214g5k8462lz5bvmb04w0c3cxdrp9dvf-isl-0.20' from 'https://cache.nixos.org'...
copying path '/nix/store/dc26wqbswcz683a1czpq3zs3qfcql05k-mpfr-4.2.2' from 'https://cache.nixos.org'...
copying path '/nix/store/3pgsnlrqly9pq27ynksml7462105qv36-libuv-1.51.0-dev' from 'https://cache.nixos.org'...
copying path '/nix/store/j3nmksvgdh6d1hm5xlwns8zpnbhqlj2f-oniguruma-6.9.10-lib' from 'https://cache.nixos.org'...
copying path '/nix/store/i8qhanfxfgwnr6a4pdd9f2qyl1rgi94p-openssl-3.6.1' from 'https://cache.nixos.org'...
copying path '/nix/store/ghy5v6b9sghzmvimsc3z5szia69p0v3f-patch-2.8' from 'https://cache.nixos.org'...
copying path '/nix/store/9jzp4zpxzjaz9xhpmqlrgz06m166p8kh-pcre2-10.46' from 'https://cache.nixos.org'...
copying path '/nix/store/ldh38gqcbfp15l04c1iw6q08qh48651h-xz-5.8.1' from 'https://cache.nixos.org'...
copying path '/nix/store/32ppr0svyq3mqwm228pks8ysf8rm0fqc-util-linux-minimal-2.41.3-lib' from 'https://cache.nixos.org'...
copying path '/nix/store/df3vxyq7lwf9l02h0wljsq0h3189rp75-gnutar-1.35' from 'https://cache.nixos.org'...
copying path '/nix/store/dv49sc8jjw07mp9ns7m2m63dl96r1j84-gzip-1.14' from 'https://cache.nixos.org'...
copying path '/nix/store/7mak4di4q7xvlb4rpm19dyjf3829vqam-make-shell-wrapper-hook' from 'https://cache.nixos.org'...
copying path '/nix/store/903kx9pwhyzswmx1caf7rc8idram9vdq-glibc-2.40-218-dev' from 'https://cache.nixos.org'...
copying path '/nix/store/jd92kq23zg9vk4six3hfjcxfby1rfp57-libmpc-1.3.1' from 'https://cache.nixos.org'...
copying path '/nix/store/2rapwrrqandpffn75899hqbq8xpagd2r-jq-1.8.1' from 'https://cache.nixos.org'...
copying path '/nix/store/6v5hbaxvndmaf21rfyryxpn1xjkljrid-zlib-1.3.2' from 'https://cache.nixos.org'...
copying path '/nix/store/ph2lki556zck2g99ngzy2f451ly9pvy4-gnugrep-3.12' from 'https://cache.nixos.org'...
copying path '/nix/store/07n3zchljjvisq8l58cnr4zp8yzbq21q-jq-1.8.1-bin' from 'https://cache.nixos.org'...
copying path '/nix/store/0vpj29gvvl1z9fjwh4lk9fiyvkqf21px-sqlite-3.50.4' from 'https://cache.nixos.org'...
copying path '/nix/store/rk9zb6sdyn4wq3i9m6p6zpkclpzkak7v-binutils-2.44-lib' from 'https://cache.nixos.org'...
copying path '/nix/store/035z9lfb8330g10pv137084h9n42j84h-file-5.45' from 'https://cache.nixos.org'...
copying path '/nix/store/bvh15gbs9p42cdkq0cf7zxy97ypynirr-sqlite-3.50.4-bin' from 'https://cache.nixos.org'...
copying path '/nix/store/0076ndvx724b4icqkmgiwfmnlp5hbw6x-zlib-1.3.2-dev' from 'https://cache.nixos.org'...
copying path '/nix/store/ym9pn6f1i3af4wfn79rn7jvj80y3h5r9-nodejs-install-manuals' from 'https://cache.nixos.org'...
copying path '/nix/store/x3ycwj97ca9kma36a02a4h5n2rri64rp-xz-5.8.1-bin' from 'https://cache.nixos.org'...
copying path '/nix/store/4hqhnbmw6n9xdgp0vy7lzmjiz7rdqjk8-gmp-with-cxx-6.3.0' from 'https://cache.nixos.org'...
copying path '/nix/store/s8q1lhw9dbscvhz6d66v6axgkcdm14lf-icu4c-76.1' from 'https://cache.nixos.org'...
copying path '/nix/store/wz8vwkh35989vygvf5ygwiy0189k43s8-patchelf-0.15.2' from 'https://cache.nixos.org'...
copying path '/nix/store/00qn3vc7r4m32c072kjnrbxd86w9slzj-zstd-1.5.7' from 'https://cache.nixos.org'...
copying path '/nix/store/12i539fp5p02ymh0hnvivb64dkzyavh6-sqlite-3.50.4-dev' from 'https://cache.nixos.org'...
copying path '/nix/store/vzx1mi9c0xfadmsm9dhd83d005cb1qs9-coreutils-9.8' from 'https://cache.nixos.org'...
copying path '/nix/store/i839kg98izahkn1iq17sn3wliliic7pm-binutils-2.44' from 'https://cache.nixos.org'...
copying path '/nix/store/b1427cr48rk9waxs7cqybjk0fzwgyjfx-krb5-1.22.1-lib' from 'https://cache.nixos.org'...
copying path '/nix/store/8sjns33impvxcrg7hk67mymakd695jn3-libssh2-1.11.1' from 'https://cache.nixos.org'...
copying path '/nix/store/c32zz9mzvakylqf2fvpjmwdhcj68123c-ngtcp2-1.17.0' from 'https://cache.nixos.org'...
copying path '/nix/store/kz02r8w4x09hzmg553p9hdp86p9rglp7-openssl-3.6.1-bin' from 'https://cache.nixos.org'...
copying path '/nix/store/i53xmvs8bz7sjyhqp3wl83pw25j86hc9-diffutils-3.12' from 'https://cache.nixos.org'...
copying path '/nix/store/7vl12if4xsjwx8ccl90qjx2r0z6acqlj-findutils-4.10.0' from 'https://cache.nixos.org'...
copying path '/nix/store/06409a3d2d3b1113zdk9rm5a3ns4rizz-gcc-14.3.0' from 'https://cache.nixos.org'...
copying path '/nix/store/a6v5gk9mqcbdjlb8x0gs3yia2dcvmxcl-openssl-3.6.1-dev' from 'https://cache.nixos.org'...
copying path '/nix/store/81pss1srk50jq813fn24z89hg2dbqaxz-curl-8.19.0' from 'https://cache.nixos.org'...
copying path '/nix/store/n84bgxb2qxhfph1ria0xxlhjhpg48740-stdenv-linux' from 'https://cache.nixos.org'...
copying path '/nix/store/5dryx9s78rifhiw2nnagx439922y2kpw-readline-8.3p1' from 'https://cache.nixos.org'...
copying path '/nix/store/4ppcvgn2pp9habj25gf5wqkkc11q0gn4-prefetch-npm-deps-0.1.0' from 'https://cache.nixos.org'...
copying path '/nix/store/nilkcchyj1l9ix3ww4p1fby7v00dwkpc-bash-interactive-5.3p3' from 'https://cache.nixos.org'...
copying path '/nix/store/qwb5ygz9k8gs5ql9bpxbrsrv12r1icgm-python3-3.13.12' from 'https://cache.nixos.org'...
building '/nix/store/7jkgv05f8ld4q970vzscvxnxv72wxrgm-omo-5.1.22-npm-deps.drv'...
copying path '/nix/store/hnan7l0v68sahyxbazz5y358prz253d1-binutils-wrapper-2.44' from 'https://cache.nixos.org'...
copying path '/nix/store/18a2lp1sj2b0v5r1c3kbsn08iqii352c-icu4c-76.1-dev' from 'https://cache.nixos.org'...
copying path '/nix/store/a6wmp2d9v6s39lbsvsb8dssdahdbfc05-nodejs-24.14.1' from 'https://cache.nixos.org'...
copying path '/nix/store/ll6i9jssq3jfbdvydj7ry2ri46j5mz1l-nodejs-24.14.1-dev' from 'https://cache.nixos.org'...
copying path '/nix/store/gpizpwj37hw5snjy9939s4b8lp2a088d-nodejs-install-executables' from 'https://cache.nixos.org'...
copying path '/nix/store/gvfbfi7z3gd594zav7jcf0rgcfqlgv8n-npm-install-hook' from 'https://cache.nixos.org'...
copying path '/nix/store/kilyfvfmh9x9rlaj47ph1916lbc1pnsr-gcc-wrapper-14.3.0' from 'https://cache.nixos.org'...
copying path '/nix/store/sgz04vy3x5cvg9kqq9vlm93qi1n2pb6k-stdenv-linux' from 'https://cache.nixos.org'...
copying path '/nix/store/10yk0cp1vcvmyxsyjs14m18z3rkjanac-npm-config-hook' from 'https://cache.nixos.org'...
building '/nix/store/25ks4mafvrx8sn3mmziial50d88qacx3-omo-5.1.22.drv'...
/nix/store/x7sb4zmvwvdwnkrgr66fcl7nwx75pbfz-omo-5.1.22
OMO_BUILD_EXIT=0
