error (ignored): SQLite database '/home/mei/.cache/nix/eval-cache-v6/1c383c35ba0a98b7aaf9c0bef66be6e48c3598c350036b2d7bded708da0bce45.sqlite' is busy
evaluating 'checks'...
evaluating 'checks'...
evaluating 'lib'...
evaluating 'nixosConfigurations'...
evaluating 'nixosConfigurations'...
evaluating 'checks.x86_64-linux'...
evaluating 'nixosModules'...
evaluating 'nixosModules'...
evaluating 'nixosConfigurations.default'...
evaluating 'nixosConfigurations.coding'...
evaluating 'nixosModules.coding'...
evaluating 'checks.x86_64-linux.coding-eval'...
evaluating 'nixosConfigurations.example'...
evaluating 'nixosModules.default'...
evaluating 'packages'...
running flake check 'nixosModules.coding.isFunctionOrAttrs'...
evaluating 'packages'...
evaluating 'nixosModules.example'...
running flake check 'nixosModules.default.isFunctionOrAttrs'...
running flake check 'nixosModules.example.isFunctionOrAttrs'...
evaluating 'packages.x86_64-linux'...
✅ nixosModules.coding
✅ nixosModules.default
evaluating 'packages.x86_64-linux.coding'...
✅ nixosModules.example
evaluating 'packages.x86_64-linux.default'...
evaluating 'packages.x86_64-linux.example'...
evaluating 'packages.x86_64-linux.dsh'...
evaluating 'packages.x86_64-linux.omo'...
✅ packages.x86_64-linux.dsh (build skipped)
✅ packages.x86_64-linux.omo (build skipped)
unpacking 'github:nix-community/home-manager/0d02ec1d0a05f88ef9e74b516842900c41f0f2fe?narHash=sha256-KY6HsebJHEe5nHOWP7ur09mb0drGxYSzE3rQxy62rJo%3D' into the Git cache...
unpacking 'github:NousResearch/hermes-agent/e80504b0887c0af1f10bf269faae244805801b48?narHash=sha256-cVA3KZbuAmnuifWJ8ShDysiA%2BLPPq3duDuK5eEI0j6w%3D' into the Git cache...
unpacking 'github:hercules-ci/flake-parts/f20dc5d9b8027381c474144ecabc9034d6a839a3?narHash=sha256-rHuJtdcOjK7rAHpHphUb1iCvgkU3GpfvicLMwwnfMT0%3D' into the Git cache...
copying path '/nix/store/xaknai40sz4yyy5658prwrwmfycj4xvm-source' from 'https://cache.nixos.org'...
copying path '/nix/store/q1xsswrh8rfy39561x8hc3anfrbxzwvl-source' from 'https://cache.nixos.org'...
✅ packages.x86_64-linux.default (build skipped)
✅ packages.x86_64-linux.coding (build skipped)
✅ packages.x86_64-linux.example (build skipped)
warning: Using 'builtins.derivation' to create a derivation named 'options.json' that references the store path '/nix/store/x6syzklc01b6hqdbf4dgs2ilg4gs21qh-source' without a proper context. The resulting derivation will not have a correct store reference, so this is unreliable and may stop working in the future.
warning: Using 'builtins.derivation' to create a derivation named 'options.json' that references the store path '/nix/store/x6syzklc01b6hqdbf4dgs2ilg4gs21qh-source' without a proper context. The resulting derivation will not have a correct store reference, so this is unreliable and may stop working in the future.
warning: Using 'builtins.derivation' to create a derivation named 'options.json' that references the store path '/nix/store/x6syzklc01b6hqdbf4dgs2ilg4gs21qh-source' without a proper context. The resulting derivation will not have a correct store reference, so this is unreliable and may stop working in the future.
unpacking 'github:jeslie0/npm-lockfile-fix/c6093acb0c0548e0f9b8b3d82918823721930fe8?narHash=sha256-2GV79U6iVH4gKAPWYrxUReB0S41ty/Y3dBLquU8AlaA%3D' into the Git cache...
unpacking 'github:pyproject-nix/pyproject.nix/e537db02e72d553cea470976b9733581bcf5b3ed?narHash=sha256-/ZTSg97aouL0SlPHaokA4r3iuH9QzHVuWPACD2CUCFY%3D' into the Git cache...
unpacking 'github:pyproject-nix/build-system-pkgs/c37f66a953535c394244888598947679af231863?narHash=sha256-3BA3HnUvJSbHJAlJj6XSy0Jmu7RyP2gyB/0fL7XuEDo%3D' into the Git cache...
unpacking 'github:pyproject-nix/uv2nix/5d1b2cb4fe3158043fbafbbe2e46238abbc954b0?narHash=sha256-A2GzkmzdYvdgmMEu5yxW%2BxhossP%2BtxrYb7RuzRaqhlg%3D' into the Git cache...
unpacking 'github:nix-community/pyproject.nix/b0d513eeeebed6d45b4f2e874f9afba2021f7812?narHash=sha256-kwCOegKLZJM9v/e/7cqwg1p/YjjTAukKPqmxKnAZRgA%3D' into the Git cache...
unpacking 'github:pyproject-nix/uv2nix/b68be7cfeacbed9a3fa38a2b5adc0cfb81d9bb1f?narHash=sha256-%2Bboo33KYkJDw9KItpeEXXv8%2B65f7hHv/earxpcyzQ0I%3D' into the Git cache...
unpacking 'github:pyproject-nix/pyproject.nix/eb204c6b3335698dec6c7fc1da0ebc3c6df05937?narHash=sha256-nFJSfD89vWTu92KyuJWDoTQJuoDuddkJV3TlOl1cOic%3D' into the Git cache...
✅ nixosConfigurations.coding (build skipped)
✅ nixosConfigurations.default (build skipped)
✅ nixosConfigurations.example (build skipped)
✅ checks.x86_64-linux.coding-eval
warning: The following flake outputs are unchecked: lib.
FLAKECHECK_EXIT=0
