[m                                                            [m[1m[37mOS[m ➜  [80G[mCachyOS x86_64

[1m[32m             [30m.[32m-------------------------:[m
[1m[32m            .[36m+=[32m========================.[m
[1m[32m           :[36m++[32m===[36m++===[32m===============-       :[36m++[32m-[m
[1m[32m          :[36m*++[32m====[36m+++++==[32m===========-        .==:[m
[1m[32m         -[36m*+++[32m=====[36m+***++=[32m=========:[m
[1m[32m        =[36m*++++=[32m=======------------:[m
[1m[32m       =[36m*+++++=[32m====-                     [30m...[32m[m
[1m[32m     .[36m+*+++++[32m=-===:                    .[36m=+++=[32m:[m
[1m[32m    :[36m++++[32m=====-==:                     -***[36m**[32m+[m
[1m[32m   :[36m++=[32m=======-=.                      .=+**+[30m.[32m[m
[1m[32m  .[36m+[32m==========-.                          [30m.[32m[m
[1m[32m   :[36m+++++++[32m====-                                [30m.[32m--==-[30m.[32m[m
[1m[32m    :[36m++[32m==========.                             [30m:[36m+++++++[32m[30m:[m
[1m[30m     [32m.-===========.                            =*****+*+[m
[1m[32m      [32m.-===========:                           .+*****+:[m
[1m[32m        [32m-=======[36m++++[32m:::::::::::::::::::::::::-:  [30m.[32m---:[m
[1m[32m         :======[36m++++[32m====[36m+++******************=.[m
[1m[36m          [32m:=====[36m+++[32m==========[36m++++++++++++++*-[m
[1m[36m           [32m.====[36m++[32m==============[36m++++++++++*-[m
[1m[36m            [32m.===[36m+[32m==================[36m+++++++:[m
[1m[36m             [32m.-=======================[36m+++:[m
[1m[36m               [30m..........................[m









[m