copying path '/nix/store/lrxvs4l9bqbgjfz7w9bkfg5zqq442jxc-source' from 'https://nix-community.cachix.org'...
unpacking 'github:vic/import-tree/4ebb10ae17d5f1ad366e7aef5b92cb8eecf24f69?narHash=sha256-iI88R3wHz8wTKQb5orvpc51L/Xr64AJyxid/0MKa/b8%3D' into the Git cache...
unpacking 'github:denful/den/1614f6f8ed435c5bb257408bf91fd662f9aac43e?narHash=sha256-qB7uYBoWlng5aoPWa3YgvZ6suVc0hd97qkuDHuvE7O0%3D' into the Git cache...
unpacking 'https://github.com/sini/gen-schema/archive/4bd0f6eb1799bf3c38eb3707419157b1f70eb1f5.zip' into the Git cache...
unpacking 'https://github.com/denful/nix-effects/archive/c3c68a45deb892d028711eeff8b80937e30a90dd.zip' into the Git cache...
unpacking 'https://github.com/sini/gen-algebra/archive/dd682674edad388c439c6f2b08f84c31feec1b68.zip' into the Git cache...
evaluating 'apps'...
evaluating 'checks'...
evaluating 'checks'...
evaluating 'configurationEvaluationPaths'...
evaluating 'darwinConfigurations'...
evaluating 'denful'...
evaluating 'deploy'...
evaluating 'devShells'...
evaluating 'darwinConfigurations'...
evaluating 'formatter'...
evaluating 'homeConfigurations'...
evaluating 'iso'...
evaluating 'isoConfig'...
evaluating 'legacyPackages'...
evaluating 'machineAuthority'...
evaluating 'nixosConfigurations'...
evaluating 'nixosModules'...
evaluating 'overlays'...
evaluating 'packages'...
evaluating 'formatter'...
evaluating 'packages'...
evaluating 'homeConfigurations'...
evaluating 'apps'...
evaluating 'overlays'...
evaluating 'nixosConfigurations'...
evaluating 'legacyPackages'...
evaluating 'devShells'...
evaluating 'nixosModules'...
evaluating 'nixosConfigurations.remembrance'...
evaluating 'devShells.x86_64-linux'...
evaluating 'darwinConfigurations.entropy'...
evaluating 'nixosConfigurations.antagony'...
evaluating 'devShells.aarch64-darwin'...
evaluating 'legacyPackages.aarch64-darwin'...
evaluating 'apps.aarch64-darwin'...
evaluating 'apps.x86_64-linux'...
evaluating 'homeConfigurations.standalone-linux'...
evaluating 'devShells.x86_64-linux.default'...
evaluating 'apps.aarch64-darwin.update'...
running flake check 'apps.aarch64-darwin.update.isValidApp'...
evaluating 'apps.aarch64-darwin.zix'...
running flake check 'apps.aarch64-darwin.zix.isValidApp'...
evaluating 'apps.aarch64-darwin.clean'...
running flake check 'apps.aarch64-darwin.clean.isValidApp'...
evaluating 'apps.aarch64-darwin.build'...
running flake check 'apps.aarch64-darwin.build.isValidApp'...
evaluating 'packages.x86_64-linux'...
evaluating 'apps.aarch64-darwin.search-pkgs'...
running flake check 'apps.aarch64-darwin.search-pkgs.isValidApp'...
unpacking 'github:serokell/deploy-rs/16901271e5b30b591e56f7a84f25f186fb20f3e1?narHash=sha256-IxaZkb9rCGEZ%2ByGndxKXONeIEcKMzoFUsvLTB5G/caw%3D' into the Git cache...
unpacking 'github:nix-community/nh/4fb068bd571310a0b802dc171bb7c776ba89d983?narHash=sha256-L2d2pKlth/QIh50E%2BsQa2dmtOd8Xwxp4jnprXgnrvwI%3D' into the Git cache...
copying path '/nix/store/bb4ijidjsm9ghzsxr1nxxpjvphprchj9-source' from 'https://nix-community.cachix.org'...
copying path '/nix/store/s154mmk8ahvc71gq8xfkbzlk240yvniv-source' from 'https://nix-community.cachix.org'...
copying path '/nix/store/01x5k4nlxcpyd85nnr0b9gm89rm8ff4x-source' from 'https://nix-community.cachix.org'...
copying path '/nix/store/w2c23ykc12mswlg8hrrjzb5gv9gvkzwq-source' from 'https://nix-community.cachix.org'...
copying path '/nix/store/8ggr67sci43hlp8ba6rhjrdhhj5490am-source' from 'https://nix-community.cachix.org'...
copying path '/nix/store/yj1wxm9hh8610iyzqnz75kvs6xl8j3my-source' from 'https://nix-community.cachix.org'...
evaluating 'checks.aarch64-darwin'...
✅ devShells.x86_64-linux.default (build skipped)
evaluating 'packages.aarch64-darwin'...
evaluating 'legacyPackages.x86_64-linux'...
evaluating 'checks.x86_64-linux'...
unpacking 'github:0xc000022070/zen-browser-flake/228a12a50971a115caa1c87b7de3d87b08e35275?narHash=sha256-5dRTU55IlWABqnWiXDgtzrc3wT54nPoZwDQ91VOY4mE%3D' into the Git cache...
evaluating 'checks.x86_64-linux.dendritic-architecture'...
evaluating 'checks.aarch64-darwin.dendritic-boundaries'...
unpacking 'github:Gerg-L/spicetify-nix/0f478ff79b82abb785160cd4531293f61d21be86?narHash=sha256-yeKMWFCPeoIKmPBLLvP1/15ulOJO8i9ZIlSSXGuW6aw%3D' into the Git cache...
evaluating 'apps.x86_64-linux.clean'...
running flake check 'apps.x86_64-linux.clean.isValidApp'...
unpacking 'https://releases.nixos.org/nixos/unstable/nixos-26.11pre1053317.0e251e24a4f2/nixexprs.tar.zst' into the Git cache...
✅ darwinConfigurations.entropy (build skipped)
evaluating 'checks.aarch64-darwin.package-policy'...
unpacking 'github:nix-community/preservation/93416f4614ad2dfed5b0dcf12f27e57d27a5ab11?narHash=sha256-mMI9IanU%2BXw%2BpVogD2oT0I2kTmvz2Un/Apc5%2BCwUpEY%3D' into the Git cache...
copying path '/nix/store/yza92srqznbkkniyzfgsdjxfvgvmlb04-source' from 'https://nix-community.cachix.org'...
copying path '/nix/store/xfg4bws749i95jvnxhymxmfwailzk38q-source' from 'https://nix-community.cachix.org'...
unpacking 'github:nix-systems/default/c29398b59d2048c4ab79345812849c9bd15e9150?narHash=sha256-brhZ8DmuGtzkCYHJg4HEd602amKm89Y9ytsFZ5uWD1w%3D' into the Git cache...
✅ apps.x86_64-linux.clean
evaluating 'checks.x86_64-linux.deploy-schema'...
✅ apps.aarch64-darwin.zix
evaluating 'checks.aarch64-darwin.bootstrap-password-mutations'...
✅ checks.aarch64-darwin.dendritic-boundaries
evaluating 'checks.x86_64-linux.dendritic-config-eval'...
✅ apps.aarch64-darwin.build
evaluating 'checks.x86_64-linux.dendritic-shells'...
✅ apps.aarch64-darwin.clean
evaluating 'checks.x86_64-linux.dendritic-apps'...
✅ checks.x86_64-linux.dendritic-shells
evaluating 'checks.x86_64-linux.bootstrap-password-mutations'...
✅ apps.aarch64-darwin.search-pkgs
evaluating 'checks.x86_64-linux.package-policy'...
✅ checks.aarch64-darwin.package-policy
evaluating 'apps.x86_64-linux.install'...
running flake check 'apps.x86_64-linux.install.isValidApp'...
✅ checks.aarch64-darwin.bootstrap-password-mutations
evaluating 'checks.x86_64-linux.install-staging'...
✅ checks.x86_64-linux.package-policy
evaluating 'checks.aarch64-darwin.dendritic-apps'...
✅ checks.x86_64-linux.dendritic-apps
evaluating 'apps.x86_64-linux.build'...
running flake check 'apps.x86_64-linux.build.isValidApp'...
✅ checks.x86_64-linux.bootstrap-password-mutations
evaluating 'apps.x86_64-linux.search-pkgs'...
running flake check 'apps.x86_64-linux.search-pkgs.isValidApp'...
✅ apps.x86_64-linux.search-pkgs
evaluating 'apps.x86_64-linux.update'...
running flake check 'apps.x86_64-linux.update.isValidApp'...
✅ apps.x86_64-linux.build
evaluating 'checks.aarch64-darwin.dendritic-shells'...
✅ checks.x86_64-linux.install-staging
evaluating 'apps.x86_64-linux.home-switch'...
running flake check 'apps.x86_64-linux.home-switch.isValidApp'...
✅ checks.aarch64-darwin.dendritic-apps
evaluating 'checks.aarch64-darwin.deploy-schema'...
✅ checks.aarch64-darwin.dendritic-shells
evaluating 'apps.x86_64-linux.build-switch'...
running flake check 'apps.x86_64-linux.build-switch.isValidApp'...
✅ apps.x86_64-linux.home-switch
evaluating 'apps.x86_64-linux.nh'...
running flake check 'apps.x86_64-linux.nh.isValidApp'...
✅ apps.x86_64-linux.nh
evaluating 'apps.x86_64-linux.home-news'...
running flake check 'apps.x86_64-linux.home-news.isValidApp'...
✅ apps.x86_64-linux.install
evaluating 'checks.aarch64-darwin.install-staging'...
✅ apps.x86_64-linux.home-news
evaluating 'checks.x86_64-linux.zix'...
✅ apps.x86_64-linux.build-switch
evaluating 'checks.aarch64-darwin.deploy-activate'...
✅ checks.x86_64-linux.zix
evaluating 'checks.x86_64-linux.iso-autostart-vm'...
✅ checks.aarch64-darwin.install-staging
evaluating 'apps.aarch64-darwin.build-switch'...
running flake check 'apps.aarch64-darwin.build-switch.isValidApp'...
✅ apps.aarch64-darwin.build-switch
evaluating 'checks.aarch64-darwin.dendritic-architecture'...
✅ apps.aarch64-darwin.update
evaluating 'checks.aarch64-darwin.zix'...
✅ checks.aarch64-darwin.zix
evaluating 'checks.x86_64-linux.dendritic-boundaries'...
✅ checks.x86_64-linux.dendritic-boundaries
evaluating 'checks.aarch64-darwin.dendritic-config-eval'...
✅ checks.aarch64-darwin.dendritic-architecture
evaluating 'devShells.aarch64-darwin.default'...
✅ devShells.aarch64-darwin.default (build skipped)
evaluating 'checks.x86_64-linux.deploy-activate'...
✅ apps.x86_64-linux.update
evaluating 'apps.x86_64-linux.zix'...
running flake check 'apps.x86_64-linux.zix.isValidApp'...
✅ apps.x86_64-linux.zix
✅ checks.x86_64-linux.dendritic-architecture
unpacking 'github:AlvaroParker/helium-nix/0ae46b01725dad7cb92dc81387260e1f55087927?narHash=sha256-Wo07g7pb2UvPYPFnQpsk7zVC7mnnSbsCxX5JjPZFMpg%3D' into the Git cache...
✅ homeConfigurations.standalone-linux (build skipped)
✅ checks.aarch64-darwin.dendritic-config-eval
✅ checks.x86_64-linux.dendritic-config-eval
warning: Using 'builtins.derivation' to create a derivation named 'options.json' that references the store path '/nix/store/398fqjqkp383m7pyla9nxpi1is5vzywh-source' without a proper context. The resulting derivation will not have a correct store reference, so this is unreliable and may stop working in the future.
warning: Using 'builtins.derivation' to create a derivation named 'options.json' that references the store path '/nix/store/398fqjqkp383m7pyla9nxpi1is5vzywh-source' without a proper context. The resulting derivation will not have a correct store reference, so this is unreliable and may stop working in the future.
warning: Using 'builtins.derivation' to create a derivation named 'options.json' that references the store path '/nix/store/398fqjqkp383m7pyla9nxpi1is5vzywh-source' without a proper context. The resulting derivation will not have a correct store reference, so this is unreliable and may stop working in the future.
✅ nixosConfigurations.antagony (build skipped)
✅ nixosConfigurations.remembrance (build skipped)
warning: Using 'builtins.derivation' to create a derivation named 'options.json' that references the store path '/nix/store/398fqjqkp383m7pyla9nxpi1is5vzywh-source' without a proper context. The resulting derivation will not have a correct store reference, so this is unreliable and may stop working in the future.
✅ checks.x86_64-linux.iso-autostart-vm
warning: Using 'builtins.derivation' to create a derivation named 'options.json' that references the store path '/nix/store/398fqjqkp383m7pyla9nxpi1is5vzywh-source' without a proper context. The resulting derivation will not have a correct store reference, so this is unreliable and may stop working in the future.
✅ checks.x86_64-linux.deploy-activate
✅ checks.aarch64-darwin.deploy-activate
✅ checks.x86_64-linux.deploy-schema
✅ checks.aarch64-darwin.deploy-schema
warning: The following flake outputs are unchecked: configurationEvaluationPaths, denful, deploy, iso, isoConfig, machineAuthority.
FLAKE_CHECK_RC=0
