=== ATTEMPT4 2026-10-06T16:21:05-04:00 ===
warning: Using 'builtins.derivation' to create a derivation named 'options.json' that references the store path '/nix/store/398fqjqkp383m7pyla9nxpi1is5vzywh-source' without a proper context. The resulting derivation will not have a correct store reference, so this is unreliable and may stop working in the future.
warning: SQLite database '/nix/var/nix/db/db.sqlite' is busy
these 38 derivations will be built:
  /nix/store/vahpg1wpzdjiyw24qs61wwkxalxwmrf8-sudoers-in.drv
  /nix/store/03jsxaxqcab8779j0x6h0yw6swism6rs-sudoers.drv
  /nix/store/13hlhc6f37cyzb1yhs33qzcccy12b240-boot.json.drv
  /nix/store/13jxsycx02ibkp5cy6gbliai9kw65ggk-hwdb.bin.drv
  /nix/store/23jhpdagr1459rfpksrwcnvn5jvd70h9-xserver.conf.drv
  /nix/store/ab7wflc4v0c2v54h5d44ik2ppw1zkqhs-hosts.drv
  /nix/store/zxhn7jaqj605lwakdlsqm4a4n0dvdkh5-system-path.drv
  /nix/store/h5xf5y77kl3vx9xrki70da72w5avz1fv-dbus-1.drv
  /nix/store/cqpg4ldprd7g4wg333ygd39fxw1cacfn-xserver-wrapper.drv
  /nix/store/k4x0za83kf532aww01i9m4ya2s1qi6x0-lightdm.conf.drv
  /nix/store/l9h45ds18zlv9sx86rjwwj75b4bbpf8h-X-Restart-Triggers-polkit.drv
  /nix/store/755sf8c25nanagyfis2ppvnxsyw4vxjj-unit-polkit.service.drv
  /nix/store/wqm5djdxpwv7drv6f6bbrf85rn86qjfm-nh-4.4.2-4fb068b.drv
  /nix/store/9xm1zy7r24jngzx7n9zfwwaaflgf7d19-install.drv
  /nix/store/yj32mrh9fl0v1j9k8m10x1fia1z5la12-unit-script-nixos-autoinstall-start.drv
  /nix/store/acmcdcy7fjk72i6r41pv8zsyv17pl4cq-unit-nixos-autoinstall.service.drv
  /nix/store/d3rjxd2drd0vbsvmv2z3qazvbx9rn483-unit-generate-shutdown-ramfs.service.drv
  /nix/store/xskfabqdj7s4r6isrmk8fc4fw6jy1v7b-udev-rules.drv
  /nix/store/810mqcgq9lnyjlrn5jpyr0mpdpa65yjg-X-Restart-Triggers-systemd-udevd.drv
  /nix/store/gvsq4qdz42i120ys6h3fw19h857ijp6x-unit-systemd-udevd.service.drv
  /nix/store/q8xx4k6g939p0pbkakla5x7lji1f78xw-unit-accounts-daemon.service.drv
  /nix/store/xld46s8spw1k70kwmx8f7b66clndnd0g-X-Restart-Triggers-dbus-broker.drv
  /nix/store/wc408za14z00cqylm29ji5yq55zl990w-unit-dbus-broker.service.drv
  /nix/store/ll006h9glx85pkzs6lwxdwkpz9s72zm6-system-units.drv
  /nix/store/lvlna7nq0jpby6kn65lniq3qqb1wkdhn-etc-systemd-system.conf.drv
  /nix/store/65klahg1ydchry325247iqhcmg58j8wk-unit-dbus-broker.service.drv
  /nix/store/wqhd0805jqnpg4q0z2dar3jlkrmaq7w1-user-units.drv
  /nix/store/zkwglsz96w73pjw0xbs5c4lwyzgb1fvz-systemd-generator-environment.json.drv
  /nix/store/d5myb8i1l1jrnbl74zaj7ahnhn0px550-etc.drv
  /nix/store/hfyam4hlzqa6s0a92bg3i1wwaj5dfrvw-users-groups.json.drv
  /nix/store/30axgvjq5l0jv92c30ihf9v7mcpdkiqq-activate.drv
  /nix/store/4yh2w36n25z3y128gkqcg296a362nb56-systemd-boot.drv
  /nix/store/m08cbf2jggm2xfzahckp37982dq0rzz1-dry-activate.drv
  /nix/store/saayvdbmis2mw605b9khm0wdsvv4myrh-install-systemd-boot.sh.drv
  /nix/store/r0l7wya2rsxk2mpxsa8paj5z2wba3ngd-nixos-system-antagony-26.11.20260923.4975466.drv
  /nix/store/831a99w2zmlcq3hgfhdzyxn7j4hvizg5-closure-info.drv
  /nix/store/m1yfn0025x2i5bvd88pzw913ij6a9721-isolinux.cfg.drv
  /nix/store/9kbx2hd9h7473x6c0xq9955n011d5sn1-nixos-26.11.20260923.4975466-x86_64-linux.iso.drv
these 45 paths will be fetched (24.9 MiB download, 112.4 MiB unpacked):
  /nix/store/mfy9hpd7hc596n2z7syva8dnwp1vwlh5-X-Restart-Triggers-systemd-journald
  /nix/store/91prsqdz52hav4qamyjqfpfrcybcqfly-X-Restart-Triggers-systemd-journald-
  /nix/store/m53cmfycjy4vhh6ragdbvv4q6zax8dq7-X-Restart-Triggers-systemd-sysctl
  /nix/store/2y2lziv2h4kzqp38zlgkbr3dz9v6xrhg-X-Restart-Triggers-systemd-timesyncd
  /nix/store/jaxsam6y799qmz02j0p0wrk5s5rdyrlq-X-Restart-Triggers-wpa_supplicant
  /nix/store/pys089iipaa8lzifk454xmbw7gvk8k71-acl-2.4.0-dev
  /nix/store/nvwr3w7kapjci132jrh7jrvymkq2wbwz-bios-boot.png
  /nix/store/2dnb8f4lqpf0bs51ggjlnbbmf1ch8s3s-closure-info
  /nix/store/glgdpbjn8zs6zik3fj8m3xzlfaa54a6i-empty-inhibitors
  /nix/store/zcjph2sy77n68zxpclkkr72aszmj45mx-etc-fstab
  /nix/store/9sjrwrzk55vdz3j4y1338ai93i9rizya-etc-sysctl.d-60-nixos.conf
  /nix/store/8arlpnzlfb7ga7hzsm9hba1i2paph512-etc-systemd-journald.conf
  /nix/store/xc14azbmv3dd97w5731ibrwwk4mvl6wm-etc-systemd-timesyncd.conf
  /nix/store/40zpbcvp5nq94b0qgs06vn1f0830xdgx-etc-systemd-user.conf
  /nix/store/w0nbfhx1vqm07p7n4mc9fjwswgqbddsy-etc-wpa_supplicant-nixos.conf
  /nix/store/4k0chf90gkkmgcj9aih7maz3iv4sra8p-extra-hosts
  /nix/store/b09rk15wiyn1zbg9s59xmx4b7qrar3sp-extra-udev-rules
  /nix/store/37xrffkqk3d3s5ih4jy96y2fkj1gb4gv-grub-2.14
  /nix/store/lcldpvpadq0pi28v9cbnpbmq329nadfs-grub-2.14
  /nix/store/x8vxd1m22hh9k0y7fyswza7xd3nfpk65-issue
  /nix/store/xfiyyn83p0d8djfxn351wri82ibkyl9x-libisoburn-1.5.8.pl02-dev
  /nix/store/rvhbr5qamg3gjz7f0zmpibgg76s8vgj4-libossp-uuid-1.6.2
  /nix/store/q00551dsggwb8f7r0a690w9fgqmprcl2-logrotate-3.22.0
  /nix/store/qfgzq1myhxswqm033qzkna7k19pfwc4j-logrotate.conf
  /nix/store/klkgjzpwp9ynnpsz4ys7102wy0x15z1g-nixos-configuration-reference-manpage
  /nix/store/j4qi7fvlvb8bzl19q5mi17dhfnzx38nx-nixos-help
  /nix/store/wik63bps98gjn8wikjlmkv34b2fyqk0h-nixos-help
  /nix/store/ny1xkpa2mpmh94kd4zgqq3wnisaj8asj-nixos-manual-html
  /nix/store/2vn45mmhn6vx5ygqh3xlx027f839n6np-nixos-version
  /nix/store/5ffqx9hlx5ciqscp6kiy8z1jspnwc0vi-pre-switch-checks
  /nix/store/nnbd491mf2w9palppkar9z1b3r8395hi-source
  /nix/store/if7j1jv1j5njssj9qcs57dv81yf3jq42-unit-logrotate-checkconf.service
  /nix/store/cz9fzf42g1a70an2ff8bmn25x4n43s3p-unit-logrotate.service
  /nix/store/dbi8a3igs8lck9mr44aiva3ccx55fpnx-unit-logrotate.timer
  /nix/store/43fy3l02870xjx52300q9sw2jp240pi9-unit-register-nix-paths.service
  /nix/store/rawgiqcyh32aiwv2j5r5brlnwsp9ih7k-unit-script-register-nix-paths-start
  /nix/store/ijkv2lj1cvyjwvd312ihlvcm4c5sylzz-unit-systemd-fsck-.service
  /nix/store/625absnygfw9bfqml5w1s3pzdys4ysma-unit-systemd-journald-.service
  /nix/store/13lsk15v16b8q407gi49vziwvxlz31bi-unit-systemd-journald.service
  /nix/store/6mk70bz8y8y0w8rnbv0hsf1nyy5b1r3x-unit-systemd-makefs-.service
  /nix/store/0xqgl5flgihns07ixyp5gcs7vmy3pfkz-unit-systemd-sysctl.service
  /nix/store/mir2n5n8fa1g7qzlfc29rvz8dzyi88xi-unit-systemd-timesyncd.service
  /nix/store/0fkzs0n6iq4g7ysn0h03z8wmi11sjnyr-unit-wpa_supplicant.service
  /nix/store/hld5brg0p4fhphclyd7gjv88356pwg57-w3m-0.5.6
  /nix/store/1hpd24ww83z2x1366jdv046h2s08623s-wpa_supplicant-2.12
copying path '/nix/store/nvwr3w7kapjci132jrh7jrvymkq2wbwz-bios-boot.png' from 'https://cache.nixos.org'...
copying path '/nix/store/2dnb8f4lqpf0bs51ggjlnbbmf1ch8s3s-closure-info' from 'https://cache.nixos.org'...
copying path '/nix/store/nnbd491mf2w9palppkar9z1b3r8395hi-source' from 'https://cache.nixos.org'...
copying path '/nix/store/rvhbr5qamg3gjz7f0zmpibgg76s8vgj4-libossp-uuid-1.6.2' from 'https://cache.nixos.org'...
copying path '/nix/store/pys089iipaa8lzifk454xmbw7gvk8k71-acl-2.4.0-dev' from 'https://cache.nixos.org'...
copying path '/nix/store/glgdpbjn8zs6zik3fj8m3xzlfaa54a6i-empty-inhibitors' from 'https://cache.nixos.org'...
copying path '/nix/store/lcldpvpadq0pi28v9cbnpbmq329nadfs-grub-2.14' from 'https://cache.nixos.org'...
copying path '/nix/store/zcjph2sy77n68zxpclkkr72aszmj45mx-etc-fstab' from 'https://nix-community.cachix.org'...
copying path '/nix/store/8arlpnzlfb7ga7hzsm9hba1i2paph512-etc-systemd-journald.conf' from 'https://cache.nixos.org'...
copying path '/nix/store/xc14azbmv3dd97w5731ibrwwk4mvl6wm-etc-systemd-timesyncd.conf' from 'https://cache.nixos.org'...
copying path '/nix/store/40zpbcvp5nq94b0qgs06vn1f0830xdgx-etc-systemd-user.conf' from 'https://cache.nixos.org'...
copying path '/nix/store/w0nbfhx1vqm07p7n4mc9fjwswgqbddsy-etc-wpa_supplicant-nixos.conf' from 'https://cache.nixos.org'...
copying path '/nix/store/x8vxd1m22hh9k0y7fyswza7xd3nfpk65-issue' from 'https://nix-community.cachix.org'...
copying path '/nix/store/qfgzq1myhxswqm033qzkna7k19pfwc4j-logrotate.conf' from 'https://cache.nixos.org'...
copying path '/nix/store/klkgjzpwp9ynnpsz4ys7102wy0x15z1g-nixos-configuration-reference-manpage' from 'https://cache.nixos.org'...
copying path '/nix/store/ny1xkpa2mpmh94kd4zgqq3wnisaj8asj-nixos-manual-html' from 'https://cache.nixos.org'...
building '/nix/store/13hlhc6f37cyzb1yhs33qzcccy12b240-boot.json.drv'...
building '/nix/store/lvlna7nq0jpby6kn65lniq3qqb1wkdhn-etc-systemd-system.conf.drv'...
building '/nix/store/4yh2w36n25z3y128gkqcg296a362nb56-systemd-boot.drv'...
building '/nix/store/zkwglsz96w73pjw0xbs5c4lwyzgb1fvz-systemd-generator-environment.json.drv'...
building '/nix/store/hfyam4hlzqa6s0a92bg3i1wwaj5dfrvw-users-groups.json.drv'...
building '/nix/store/vahpg1wpzdjiyw24qs61wwkxalxwmrf8-sudoers-in.drv'...
building '/nix/store/d3rjxd2drd0vbsvmv2z3qazvbx9rn483-unit-generate-shutdown-ramfs.service.drv'...
building '/nix/store/23jhpdagr1459rfpksrwcnvn5jvd70h9-xserver.conf.drv'...
copying path '/nix/store/9sjrwrzk55vdz3j4y1338ai93i9rizya-etc-sysctl.d-60-nixos.conf' from 'https://cache.nixos.org'...
copying path '/nix/store/4k0chf90gkkmgcj9aih7maz3iv4sra8p-extra-hosts' from 'https://cache.nixos.org'...
copying path '/nix/store/b09rk15wiyn1zbg9s59xmx4b7qrar3sp-extra-udev-rules' from 'https://cache.nixos.org'...
copying path '/nix/store/37xrffkqk3d3s5ih4jy96y2fkj1gb4gv-grub-2.14' from 'https://cache.nixos.org'...
copying path '/nix/store/q00551dsggwb8f7r0a690w9fgqmprcl2-logrotate-3.22.0' from 'https://cache.nixos.org'...
copying path '/nix/store/2vn45mmhn6vx5ygqh3xlx027f839n6np-nixos-version' from 'https://nix-community.cachix.org'...
copying path '/nix/store/dbi8a3igs8lck9mr44aiva3ccx55fpnx-unit-logrotate.timer' from 'https://cache.nixos.org'...
copying path '/nix/store/rawgiqcyh32aiwv2j5r5brlnwsp9ih7k-unit-script-register-nix-paths-start' from 'https://cache.nixos.org'...
copying path '/nix/store/ijkv2lj1cvyjwvd312ihlvcm4c5sylzz-unit-systemd-fsck-.service' from 'https://cache.nixos.org'...
copying path '/nix/store/6mk70bz8y8y0w8rnbv0hsf1nyy5b1r3x-unit-systemd-makefs-.service' from 'https://cache.nixos.org'...
copying path '/nix/store/hld5brg0p4fhphclyd7gjv88356pwg57-w3m-0.5.6' from 'https://cache.nixos.org'...
copying path '/nix/store/1hpd24ww83z2x1366jdv046h2s08623s-wpa_supplicant-2.12' from 'https://cache.nixos.org'...
copying path '/nix/store/mfy9hpd7hc596n2z7syva8dnwp1vwlh5-X-Restart-Triggers-systemd-journald' from 'https://cache.nixos.org'...
building '/nix/store/m08cbf2jggm2xfzahckp37982dq0rzz1-dry-activate.drv'...
building '/nix/store/saayvdbmis2mw605b9khm0wdsvv4myrh-install-systemd-boot.sh.drv'...
building '/nix/store/03jsxaxqcab8779j0x6h0yw6swism6rs-sudoers.drv'...
copying path '/nix/store/91prsqdz52hav4qamyjqfpfrcybcqfly-X-Restart-Triggers-systemd-journald-' from 'https://cache.nixos.org'...
copying path '/nix/store/2y2lziv2h4kzqp38zlgkbr3dz9v6xrhg-X-Restart-Triggers-systemd-timesyncd' from 'https://cache.nixos.org'...
copying path '/nix/store/jaxsam6y799qmz02j0p0wrk5s5rdyrlq-X-Restart-Triggers-wpa_supplicant' from 'https://cache.nixos.org'...
copying path '/nix/store/xfiyyn83p0d8djfxn351wri82ibkyl9x-libisoburn-1.5.8.pl02-dev' from 'https://cache.nixos.org'...
copying path '/nix/store/5ffqx9hlx5ciqscp6kiy8z1jspnwc0vi-pre-switch-checks' from 'https://cache.nixos.org'...
copying path '/nix/store/m53cmfycjy4vhh6ragdbvv4q6zax8dq7-X-Restart-Triggers-systemd-sysctl' from 'https://cache.nixos.org'...
copying path '/nix/store/if7j1jv1j5njssj9qcs57dv81yf3jq42-unit-logrotate-checkconf.service' from 'https://cache.nixos.org'...
copying path '/nix/store/cz9fzf42g1a70an2ff8bmn25x4n43s3p-unit-logrotate.service' from 'https://cache.nixos.org'...
copying path '/nix/store/43fy3l02870xjx52300q9sw2jp240pi9-unit-register-nix-paths.service' from 'https://cache.nixos.org'...
copying path '/nix/store/13lsk15v16b8q407gi49vziwvxlz31bi-unit-systemd-journald.service' from 'https://cache.nixos.org'...
building '/nix/store/ab7wflc4v0c2v54h5d44ik2ppw1zkqhs-hosts.drv'...
building '/nix/store/13jxsycx02ibkp5cy6gbliai9kw65ggk-hwdb.bin.drv'...
building '/nix/store/xskfabqdj7s4r6isrmk8fc4fw6jy1v7b-udev-rules.drv'...
building '/nix/store/cqpg4ldprd7g4wg333ygd39fxw1cacfn-xserver-wrapper.drv'...
copying path '/nix/store/625absnygfw9bfqml5w1s3pzdys4ysma-unit-systemd-journald-.service' from 'https://cache.nixos.org'...
copying path '/nix/store/0xqgl5flgihns07ixyp5gcs7vmy3pfkz-unit-systemd-sysctl.service' from 'https://cache.nixos.org'...
copying path '/nix/store/mir2n5n8fa1g7qzlfc29rvz8dzyi88xi-unit-systemd-timesyncd.service' from 'https://cache.nixos.org'...
building '/nix/store/k4x0za83kf532aww01i9m4ya2s1qi6x0-lightdm.conf.drv'...
copying path '/nix/store/wik63bps98gjn8wikjlmkv34b2fyqk0h-nixos-help' from 'https://cache.nixos.org'...
copying path '/nix/store/j4qi7fvlvb8bzl19q5mi17dhfnzx38nx-nixos-help' from 'https://cache.nixos.org'...
copying path '/nix/store/0fkzs0n6iq4g7ysn0h03z8wmi11sjnyr-unit-wpa_supplicant.service' from 'https://cache.nixos.org'...
building '/nix/store/810mqcgq9lnyjlrn5jpyr0mpdpa65yjg-X-Restart-Triggers-systemd-udevd.drv'...
building '/nix/store/gvsq4qdz42i120ys6h3fw19h857ijp6x-unit-systemd-udevd.service.drv'...
building '/nix/store/zxhn7jaqj605lwakdlsqm4a4n0dvdkh5-system-path.drv'...
building '/nix/store/l9h45ds18zlv9sx86rjwwj75b4bbpf8h-X-Restart-Triggers-polkit.drv'...
building '/nix/store/h5xf5y77kl3vx9xrki70da72w5avz1fv-dbus-1.drv'...
building '/nix/store/q8xx4k6g939p0pbkakla5x7lji1f78xw-unit-accounts-daemon.service.drv'...
building '/nix/store/755sf8c25nanagyfis2ppvnxsyw4vxjj-unit-polkit.service.drv'...
building '/nix/store/xld46s8spw1k70kwmx8f7b66clndnd0g-X-Restart-Triggers-dbus-broker.drv'...
building '/nix/store/65klahg1ydchry325247iqhcmg58j8wk-unit-dbus-broker.service.drv'...
building '/nix/store/wc408za14z00cqylm29ji5yq55zl990w-unit-dbus-broker.service.drv'...
building '/nix/store/wqhd0805jqnpg4q0z2dar3jlkrmaq7w1-user-units.drv'...
building '/nix/store/9xm1zy7r24jngzx7n9zfwwaaflgf7d19-install.drv'...
building '/nix/store/yj32mrh9fl0v1j9k8m10x1fia1z5la12-unit-script-nixos-autoinstall-start.drv'...
building '/nix/store/acmcdcy7fjk72i6r41pv8zsyv17pl4cq-unit-nixos-autoinstall.service.drv'...
building '/nix/store/ll006h9glx85pkzs6lwxdwkpz9s72zm6-system-units.drv'...
building '/nix/store/d5myb8i1l1jrnbl74zaj7ahnhn0px550-etc.drv'...
building '/nix/store/30axgvjq5l0jv92c30ihf9v7mcpdkiqq-activate.drv'...
building '/nix/store/r0l7wya2rsxk2mpxsa8paj5z2wba3ngd-nixos-system-antagony-26.11.20260923.4975466.drv'...
building '/nix/store/831a99w2zmlcq3hgfhdzyxn7j4hvizg5-closure-info.drv'...
building '/nix/store/m1yfn0025x2i5bvd88pzw913ij6a9721-isolinux.cfg.drv'...
building '/nix/store/9kbx2hd9h7473x6c0xq9955n011d5sn1-nixos-26.11.20260923.4975466-x86_64-linux.iso.drv'...
/nix/store/wpjgp9cn6jzdslw8fiq56sv1rs5nqnij-nixos-26.11.20260923.4975466-x86_64-linux.iso

real	49m27.585s
user	0m33.627s
sys	0m4.209s
BUILD_RC=0
