[    0.124183] sgx: There are zero EPC sections.
78Booting initrd of NixOS 26.11 (Zokor) (Initrd).
[  OK  ] Created slice Slice /system/modprobe.
[  OK  ] Started Dispatch Password Requests to Console Directory Watch.
         Expecting device /dev/disk/by-label/nixos-26.11-x86_64...
[  OK  ] Reached target Initrd Preservation Mounts.
[  OK  ] Reached target Initrd Root Device.
[  OK  ] Reached target Path Units.
[  OK  ] Reached target Slice Units.
[  OK  ] Reached target Swaps.
[  OK  ] Reached target Timer Units.
[  OK  ] Listening on D-Bus System Message Bus Socket.
[  OK  ] Listening on Journal Socket (/dev/log).
[  OK  ] Listening on Journal Sockets.
[  OK  ] Listening on udev Control Socket.
[  OK  ] Listening on udev Kernel Socket.
[  OK  ] Reached target Socket Units.
         Starting Create List of Static Device Nodes...
         Starting Load Kernel Module configfs...
         Starting Journal Service...
         Starting Load Kernel Modules...
         Starting Coldplug All udev Devices...
[  OK  ] Finished Create List of Static Device Nodes.
[  OK  ] Finished Load Kernel Module configfs.
         Starting Create Static Device Nodes in /dev gracefully...
[  OK  ] Finished Create Static Device Nodes in /dev gracefully.
         Starting Create Static Device Nodes in /dev...
[  OK  ] Started Journal Service.
[  OK  ] Finished Create Static Device Nodes in /dev.
[  OK  ] Reached target Preparation for Local File Systems.
[  OK  ] Reached target Local File Systems.
         Starting Create System Files and Directories...
         Starting Rule-based Manager for Device Events and Files...
[  OK  ] Finished Load Kernel Modules.
         Starting Apply Kernel Variables...
[  OK  ] Finished Create System Files and Directories.
[  OK  ] Finished Apply Kernel Variables.
[  OK  ] Started Rule-based Manager for Device Events and Files.
[  OK  ] Finished Coldplug All udev Devices.
[  OK  ] Reached target System Initialization.
[  OK  ] Reached target Basic System.
         Starting Virtual Console Setup...
[  OK  ] Finished Virtual Console Setup.
[  OK  ] Found device QEMU_DVD-ROM nixos-26.11-x86_64.
         Mounting /sysroot...
[  OK  ] Mounted /sysroot.
[  OK  ] Reached target Initrd Root File System.
         Mounting /sysroot/iso...
         Mounting /sysroot/nix/.rw-store...
         Mounting /sysroot/run...
         Starting Mountpoints Configured in the Real Root...
[  OK  ] Mounted /sysroot/nix/.rw-store.
         Starting rw-sysroot-nix-store.service...
[  OK  ] Mounted /sysroot/run.
[  OK  ] Mounted /sysroot/iso.
[  OK  ] Finished rw-sysroot-nix-store.service.
         Starting rw-sysroot-nix-store.service...
[  OK  ] Finished Mountpoints Configured in the Real Root.
[  OK  ] Finished rw-sysroot-nix-store.service.
         Mounting /sysroot/nix/.ro-store...
[  OK  ] Mounted /sysroot/nix/.ro-store.
         Mounting /sysroot/nix/store...
[  OK  ] Mounted /sysroot/nix/store.
[  OK  ] Reached target Initrd File Systems.
         Starting Find NixOS closure...
         Starting Create Volatile Files and Directories in the Real Root...
[  OK  ] Finished Create Volatile Files and Directories in the Real Root.
[  OK  ] Finished Find NixOS closure.
[  OK  ] Reached target Initrd Default Target.
         Starting Cleaning Up and Shutting Down Daemons...
[  OK  ] Stopped target Initrd Default Target.
[  OK  ] Stopped target Basic System.
[  OK  ] Stopped target Initrd Preservation Mounts.
[  OK  ] Stopped target Initrd Root Device.
[  OK  ] Stopped target Path Units.
[  OK  ] Stopped Dispatch Password Requests to Console Directory Watch.
[  OK  ] Stopped target Slice Units.
[  OK  ] Stopped target Socket Units.
[  OK  ] Stopped target System Initialization.
[  OK  ] Stopped target Swaps.
[  OK  ] Stopped target Timer Units.
[  OK  ] Closed D-Bus System Message Bus Socket.
[  OK  ] Stopped Find NixOS closure.
         Starting rw-sysroot-nix-store.service...
[  OK  ] Stopped Apply Kernel Variables.
[  OK  ] Stopped Load Kernel Modules.
[  OK  ] Stopped Create Volatile Files and Directories in the Real Root.
[  OK  ] Stopped Create System Files and Directories.
[  OK  ] Stopped target Local File Systems.
[  OK  ] Stopped target Preparation for Local File Systems.
[  OK  ] Stopped Coldplug All udev Devices.
         Stopping Rule-based Manager for Device Events and Files...
[  OK  ] Stopped Virtual Console Setup.
[  OK  ] Finished rw-sysroot-nix-store.service.
[  OK  ] Finished Cleaning Up and Shutting Down Daemons.
[  OK  ] Stopped Rule-based Manager for Device Events and Files.
[  OK  ] Closed udev Control Socket.
         Starting Cleanup udev Database...
[  OK  ] Stopped Create Static Device Nodes in /dev.
[  OK  ] Stopped Create Static Device Nodes in /dev gracefully.
[  OK  ] Stopped Create List of Static Device Nodes.
[  OK  ] Finished Cleanup udev Database.
[  OK  ] Reached target Switch Root.
         Starting NixOS Activation...
[  OK  ] Finished NixOS Activation.
         Starting Switch Root...
78
Welcome to NixOS 26.11 (Zokor)!

[  OK  ] Stopped initrd-switch-root.service.
[  OK  ] Created slice Slice /system/serial-getty.
[  OK  ] Created slice User and Session Slice.
[  OK  ] Started Dispatch Password Requests to Console Directory Watch.
[  OK  ] Started Forward Password Requests to Wall Directory Watch.
         Expecting device /dev/ttyS0...
[  OK  ] Reached target Local Encrypted Volumes.
[  OK  ] Stopped target initrd-fs.target.
[  OK  ] Stopped target initrd-root-fs.target.
[  OK  ] Stopped target initrd-switch-root.target.
[  OK  ] Reached target Virtual Machines and Containers.
[  OK  ] Reached target Path Units.
[  OK  ] Reached target Preservation Mounts.
[  OK  ] Reached target Remote File Systems.
[  OK  ] Reached target Slice Units.
[  OK  ] Reached target Swaps.
[  OK  ] Listening on Query the User Interactively for a Password.
[  OK  ] Listening on Process Core Dump Socket.
[  OK  ] Listening on Credential Encryption/Decryption.
[  OK  ] Listening on Factory Reset Management.
[  OK  ] Listening on Hostname Service Socket.
         Starting Journal Log Access Socket...
[  OK  ] Listening on Journal Audit Socket.
[  OK  ] Listening on Console Output Muting Service Socket.
[  OK  ] Listening on Userspace Out-Of-Memory (OOM) Killer Socket.
[  OK  ] Listening on Disk Repartitioning Service Socket.
[  OK  ] Listening on udev Control Socket.
[  OK  ] Listening on udev Varlink Socket.
         Mounting Huge Pages File System...
         Mounting POSIX Message Queue File System...
         Mounting Kernel Debug File System...
         Mounting Kernel Trace File System...
         Starting Create List of Static Device Nodes...
         Starting Load Kernel Module configfs...
         Starting Load Kernel Module fuse...
         Starting Journal Service...
         Starting Load Kernel Modules...
         Starting Userspace Out-Of-Memory (OOM) Killer...
         Starting Remount Root and Kernel File Systems...
         Starting Coldplug All udev Devices...
[  OK  ] Listening on Journal Log Access Socket.
[  OK  ] Mounted Huge Pages File System.
[  OK  ] Mounted POSIX Message Queue File System.
[  OK  ] Mounted Kernel Debug File System.
[  OK  ] Mounted Kernel Trace File System.
[  OK  ] Finished Create List of Static Device Nodes.
[  OK  ] Finished Load Kernel Module configfs.
         Mounting Kernel Configuration File System...
         Starting Create Static Device Nodes in /dev gracefully...
[  OK  ] Started Journal Service.
[  OK  ] Finished Load Kernel Module fuse.
[  OK  ] Finished Remount Root and Kernel File Systems.
[  OK  ] Listening on Disk Image Download Service Socket.
         Starting Flush Journal to Persistent Storage...
         Starting Load/Save OS Random Seed...
         Starting Network Time Synchronization...
[  OK  ] Started Userspace Out-Of-Memory (OOM) Killer.
[  OK  ] Mounted Kernel Configuration File System.
[  OK  ] Finished Load/Save OS Random Seed.
[  OK  ] Reached target First Boot Complete.
[  OK  ] Finished Flush Journal to Persistent Storage.
[  OK  ] Finished Create Static Device Nodes in /dev gracefully.
         Starting Create Static Device Nodes in /dev...
[  OK  ] Finished Create Static Device Nodes in /dev.
[  OK  ] Reached target Preparation for Local File Systems.
         Starting Rule-based Manager for Device Events and Files...
[  OK  ] Finished Coldplug All udev Devices.
[  OK  ] Started Network Time Synchronization.
[  OK  ] Reached target System Time Set.
[  OK  ] Started Rule-based Manager for Device Events and Files.
[  OK  ] Finished Load Kernel Modules.
         Starting Firewall...
         Starting Apply Kernel Variables...
[  OK  ] Finished Apply Kernel Variables.
         Starting Virtual Console Setup...
[  OK  ] Stopped Virtual Console Setup.
         Starting Virtual Console Setup...
         Mounting /run/wrappers...
         Mounting FUSE Control File System...
[  OK  ] Stopped Virtual Console Setup.
[  OK  ] Mounted /run/wrappers.
[  OK  ] Reached target Local File Systems.
[  OK  ] Listening on Boot Loader Control Service Socket.
         Starting Register Nix Store Paths...
         Starting Create SUID/SGID Wrappers...
         Starting Save Transient machine-id to Disk...
         Starting Create System Files and Directories...
         Starting Virtual Console Setup...
[  OK  ] Finished Firewall.
[  OK  ] Mounted FUSE Control File System.
[  OK  ] Finished Save Transient machine-id to Disk.
[  OK  ] Finished Create System Files and Directories.
         Starting Rebuild Journal Catalog...
         Starting Record System Boot/Shutdown in UTMP...
[  OK  ] Finished Record System Boot/Shutdown in UTMP.
[  OK  ] Finished Rebuild Journal Catalog.
         Starting Update is Completed...
[  OK  ] Finished Virtual Console Setup.
[  OK  ] Finished Update is Completed.
[  OK  ] Finished Create SUID/SGID Wrappers.
[  OK  ] Finished Register Nix Store Paths.
[  OK  ] Reached target System Initialization.
[  OK  ] Started Discard unused filesystem blocks once a week.
[  OK  ] Started logrotate.timer.
[  OK  ] Started Daily Cleanup of Temporary Directories.
[  OK  ] Reached target Timer Units.
[  OK  ] Listening on D-Bus System Message Bus Socket.
[  OK  ] Listening on Nix Daemon Socket.
[  OK  ] Listening on Authorization Manager Agent Helper.
[  OK  ] Listening on OpenSSH Server Socket…temd-ssh-generator, AF_UNIX Local).
[  OK  ] Listening on Virtual Machine and C…tainer Registration Service Socket.
[  OK  ] Reached target Socket Units.
         Starting D-Bus System Message Bus...
[  OK  ] Started D-Bus System Message Bus.
[  OK  ] Reached target Basic System.
         Starting Network Manager Script Dispatcher Service...
         Starting Home Manager environment for mei...
         Starting Import lastlog data into lastlog2 database...
         Starting Logrotate configuration check...
         Starting Name Service Cache Daemon (nsncd)...
         Starting Post-Boot Actions...
[  OK  ] Started Reset console on configuration changes.
         Starting resolvconf update...
         Starting SSH Host Keys Generation...
         Starting WPA Supplicant instance...
[  OK  ] Finished Logrotate configuration check.
[  OK  ] Finished Post-Boot Actions.
[  OK  ] Started Name Service Cache Daemon (nsncd).
[  OK  ] Finished Import lastlog data into lastlog2 database.
[  OK  ] Reached target Host and Network Name Lookups.
[  OK  ] Reached target User and Group Name Lookups.
         Starting Accounts Service...
         Starting User Login Management...
[  OK  ] Started Network Manager Script Dispatcher Service.
[  OK  ] Started Nix Daemon.
[  OK  ] Stopped target Host and Network Name Lookups.
         Stopping Host and Network Name Lookups...
[  OK  ] Stopped target User and Group Name Lookups.
         Stopping User and Group Name Lookups...
         Stopping Name Service Cache Daemon (nsncd)...
[  OK  ] Stopped Name Service Cache Daemon (nsncd).
[  OK  ] Started User Login Management.
         Starting linger-users.service...
         Starting Name Service Cache Daemon (nsncd)...
         Starting Authorization Manager...
[  OK  ] Finished resolvconf update.
[  OK  ] Started WPA Supplicant instance.
[  OK  ] Reached target Preparation for Network.
         Starting Network Manager...
         Starting Extra networking commands....
[  OK  ] Started Name Service Cache Daemon (nsncd).
[  OK  ] Reached target Host and Network Name Lookups.
[  OK  ] Reached target User and Group Name Lookups.
[  OK  ] Finished linger-users.service.
[  OK  ] Created slice Slice /user/1000.
         Starting User Runtime Directory /run/user/1000...
[  OK  ] Finished User Runtime Directory /run/user/1000.
         Starting User Manager for UID 1000...
[  OK  ] Started Authorization Manager.
[  OK  ] Started Accounts Service.
[  OK  ] Finished Extra networking commands..
         Starting Hostname Service...
[  OK  ] Started Hostname Service.
[  OK  ] Listening on Load/Save RF Kill Switch Status /dev/rfkill Watch.
[  OK  ] Started Network Manager.
[  OK  ] Reached target Network.
         Starting Network Manager Wait Online...
         Starting hardware-enroll.service...
[  OK  ] Started Syncthing service.
         Starting Syncthing configuration updater...
[  OK  ] Finished hardware-enroll.service.
[  OK  ] Started User Manager for UID 1000.
[  OK  ] Finished SSH Host Keys Generation.
         Starting SSH Daemon...
[  OK  ] Started SSH Daemon.
[  OK  ] Finished Syncthing configuration updater.
[  OK  ] Stopped target Host and Network Name Lookups.
         Stopping Host and Network Name Lookups...
[  OK  ] Stopped target User and Group Name Lookups.
         Stopping User and Group Name Lookups...
         Stopping Name Service Cache Daemon (nsncd)...
[  OK  ] Stopped Name Service Cache Daemon (nsncd).
         Starting Name Service Cache Daemon (nsncd)...
[  OK  ] Started Name Service Cache Daemon (nsncd).
[  OK  ] Reached target Host and Network Name Lookups.
[  OK  ] Reached target User and Group Name Lookups.
[  OK  ] Finished Network Manager Wait Online.
[  OK  ] Reached target Network is Online.
[  OK  ] Finished Home Manager environment for mei.
         Starting Permit User Sessions...
[  OK  ] Finished Permit User Sessions.
         Starting Display Manager...
[  OK  ] Started Serial Getty on ttyS0.
[  OK  ] Reached target Login Prompts.
[  OK  ] Reached target Multi-User System.
[  OK  ] Started Display Manager.
[  OK  ] Reached target Graphical Interface.
7878

<<< Welcome to NixOS 26.11.20260923.4975466 (x86_64) - ttyS0 >>>

Run 'nixos-help' for the NixOS manual.

antagony login: 