### date 2026-10-06T11:38:25-04:00
### git rev a489ff8
### bash -n
bash -n: OK

### RUN 1 (flaky probe: two consecutive runs)
control-hash-file=PASS
control-validator-consumer=PASS
control-user-deps=PASS
control-consumer-deps=PASS
control-mutable-users=PASS
control-classic-users=PASS
control-no-plaintext=PASS
mutant-hash-file=KILLED rc=1 reason=false
mutant-validator-comment=KILLED rc=1 reason=false
mutant-user-ordering=KILLED rc=1 reason=false
mutant-consumer-ordering=KILLED rc=1 reason=false
mutant-mutable-users=KILLED rc=1 reason=false
mutant-plaintext-password=KILLED rc=1 reason=false
mutation-control=PASS tmp=/tmp/nix-shell.tHvAMN/nix-bootstrap-mutations.pqAPav
run1_exit=0

### RUN 2
control-hash-file=PASS
control-validator-consumer=PASS
control-user-deps=PASS
control-consumer-deps=PASS
control-mutable-users=PASS
control-classic-users=PASS
control-no-plaintext=PASS
mutant-hash-file=KILLED rc=1 reason=false
mutant-validator-comment=KILLED rc=1 reason=false
mutant-user-ordering=KILLED rc=1 reason=false
mutant-consumer-ordering=KILLED rc=1 reason=false
mutant-mutable-users=KILLED rc=1 reason=false
mutant-plaintext-password=KILLED rc=1 reason=false
mutation-control=PASS tmp=/tmp/nix-shell.tHvAMN/nix-bootstrap-mutations.vrSeAg
run2_exit=0

### PROBE: script must be able to FAIL (misleading_success_output)
# scratch repo with users.mutableUsers flipped; real file untouched
9:  users.mutableUsers = false;
control-hash-file=PASS
control-validator-consumer=PASS
control-user-deps=PASS
control-consumer-deps=PASS
false
control-mutable-users=FAIL
failing_control_exit=1
# real module still intact:
9:  users.mutableUsers = true;

### PROBE: stale_state - exact nix eval, re-run by hand
# nix eval --json --impure --expr '<config_expr>'  (no cached result file)
{"hashFile":"/var/lib/nixos-bootstrap/mei-password.hash","mutableUsers":true,"userDeps":["bootstrapPasswordHash"],"consumerDeps":["users"],"hasValidator":true,"hasConsumer":true}

### COMMIT (plan message)
[thinkpad-zero-touch-install/wave1 bde4937] test(install): restore the bootstrap-password mutation coverage
 2 files changed, 134 insertions(+)
 create mode 100755 tests/bootstrap-password-mutations.sh
my_sha=bde4937943f06659e628c90706ad829fb6d772f2
commit bde4937943f06659e628c90706ad829fb6d772f2
Author: Meillaya <nathanagbomed@proton.me>
Date:   Tue Oct 6 11:40:28 2026 -0400

    test(install): restore the bootstrap-password mutation coverage

 modules/flake/checks.nix              |  19 ++++++
 tests/bootstrap-password-mutations.sh | 115 ++++++++++++++++++++++++++++++++++
 2 files changed, 134 insertions(+)
### dirty_worktree probe: git show --stat HEAD
commit bde4937943f06659e628c90706ad829fb6d772f2
Author: Meillaya <nathanagbomed@proton.me>
Date:   Tue Oct 6 11:40:28 2026 -0400

    test(install): restore the bootstrap-password mutation coverage

 modules/flake/checks.nix              |  19 ++++++
 tests/bootstrap-password-mutations.sh | 115 ++++++++++++++++++++++++++++++++++
 2 files changed, 134 insertions(+)

### checks attrNames (x86_64-linux)
["bootstrap-password-mutations","dendritic-apps","dendritic-architecture","dendritic-boundaries","dendritic-config-eval","dendritic-shells","deploy-activate","deploy-schema","package-policy","zix"]

### nix flake check --all-systems --no-build (attempt 1, timeout 1500)
warning: Git tree '/home/mei/nixos-wt/thinkpad-zero-touch-install-wave1' has uncommitted changes
error (ignored): SQLite database '/home/mei/.cache/nix/eval-cache-v6/ceb8b9dded717943fdf990409d791dc98ebf4dc0b7af6ee705482496e9b41a18.sqlite' is busy
evaluating 'apps'...
evaluating 'checks'...
evaluating 'configurationEvaluationPaths'...
evaluating 'darwinConfigurations'...
evaluating 'apps'...
evaluating 'checks'...
evaluating 'darwinConfigurations'...
evaluating 'denful'...
evaluating 'deploy'...
evaluating 'devShells'...
evaluating 'devShells'...
evaluating 'formatter'...
evaluating 'formatter'...
evaluating 'darwinConfigurations.entropy'...
evaluating 'homeConfigurations'...
evaluating 'homeConfigurations'...
evaluating 'iso'...
evaluating 'apps.x86_64-linux'...
evaluating 'apps.aarch64-darwin'...
evaluating 'legacyPackages'...
evaluating 'devShells.x86_64-linux'...
evaluating 'legacyPackages'...
evaluating 'homeConfigurations.standalone-linux'...
evaluating 'machineAuthority'...
evaluating 'nixosConfigurations'...
evaluating 'nixosModules'...
evaluating 'nixosConfigurations'...
evaluating 'legacyPackages.x86_64-linux'...
evaluating 'devShells.aarch64-darwin'...
evaluating 'nixosModules'...
evaluating 'legacyPackages.aarch64-darwin'...
evaluating 'overlays'...
evaluating 'packages'...
evaluating 'overlays'...
evaluating 'packages'...
evaluating 'nixosConfigurations.remembrance'...
evaluating 'nixosConfigurations.antagony'...
evaluating 'packages.aarch64-darwin'...
evaluating 'packages.x86_64-linux'...
evaluating 'apps.aarch64-darwin.build'...
evaluating 'devShells.aarch64-darwin.default'...
evaluating 'apps.aarch64-darwin.search-pkgs'...
running flake check 'apps.aarch64-darwin.search-pkgs.isValidApp'...
running flake check 'apps.aarch64-darwin.build.isValidApp'...
evaluating 'apps.aarch64-darwin.zix'...
running flake check 'apps.aarch64-darwin.zix.isValidApp'...
evaluating 'devShells.x86_64-linux.default'...
evaluating 'apps.aarch64-darwin.clean'...
running flake check 'apps.aarch64-darwin.clean.isValidApp'...
evaluating 'checks.x86_64-linux'...
evaluating 'checks.x86_64-linux.bootstrap-password-mutations'...
✅ devShells.x86_64-linux.default (build skipped)
evaluating 'checks.x86_64-linux.package-policy'...
✅ devShells.aarch64-darwin.default (build skipped)
evaluating 'checks.x86_64-linux.deploy-schema'...
✅ darwinConfigurations.entropy (build skipped)
evaluating 'checks.x86_64-linux.dendritic-shells'...
evaluating 'apps.x86_64-linux.nh'...
running flake check 'apps.x86_64-linux.nh.isValidApp'...
✅ apps.aarch64-darwin.zix
evaluating 'apps.x86_64-linux.home-news'...
running flake check 'apps.x86_64-linux.home-news.isValidApp'...
✅ checks.x86_64-linux.dendritic-shells
evaluating 'apps.x86_64-linux.search-pkgs'...
running flake check 'apps.x86_64-linux.search-pkgs.isValidApp'...
✅ homeConfigurations.standalone-linux (build skipped)
evaluating 'checks.x86_64-linux.zix'...
✅ checks.x86_64-linux.zix
✅ checks.x86_64-linux.package-policy
evaluating 'apps.x86_64-linux.home-switch'...
evaluating 'checks.x86_64-linux.dendritic-architecture'...
✅ checks.x86_64-linux.bootstrap-password-mutations
running flake check 'apps.x86_64-linux.home-switch.isValidApp'...
evaluating 'checks.aarch64-darwin'...
✅ apps.x86_64-linux.search-pkgs
evaluating 'apps.x86_64-linux.clean'...
running flake check 'apps.x86_64-linux.clean.isValidApp'...
✅ apps.x86_64-linux.clean
evaluating 'checks.x86_64-linux.dendritic-apps'...
✅ checks.x86_64-linux.dendritic-apps
evaluating 'checks.x86_64-linux.dendritic-config-eval'...
✅ apps.x86_64-linux.home-news
evaluating 'apps.x86_64-linux.build'...
running flake check 'apps.x86_64-linux.build.isValidApp'...
✅ apps.x86_64-linux.home-switch
evaluating 'checks.x86_64-linux.dendritic-boundaries'...
✅ checks.x86_64-linux.dendritic-boundaries
evaluating 'apps.x86_64-linux.build-switch'...
running flake check 'apps.x86_64-linux.build-switch.isValidApp'...
✅ apps.x86_64-linux.build
evaluating 'checks.x86_64-linux.deploy-activate'...
evaluating 'checks.aarch64-darwin.package-policy'...
✅ apps.aarch64-darwin.build
✅ apps.aarch64-darwin.clean
evaluating 'checks.aarch64-darwin.bootstrap-password-mutations'...
evaluating 'checks.aarch64-darwin.deploy-schema'...
✅ apps.x86_64-linux.nh
evaluating 'checks.aarch64-darwin.dendritic-architecture'...
✅ apps.x86_64-linux.build-switch
evaluating 'checks.aarch64-darwin.dendritic-apps'...
✅ apps.aarch64-darwin.search-pkgs
✅ checks.aarch64-darwin.bootstrap-password-mutations
✅ checks.aarch64-darwin.package-policy
evaluating 'checks.aarch64-darwin.deploy-activate'...
evaluating 'checks.aarch64-darwin.dendritic-boundaries'...
evaluating 'checks.aarch64-darwin.zix'...
✅ checks.aarch64-darwin.dendritic-apps
evaluating 'apps.x86_64-linux.update'...
running flake check 'apps.x86_64-linux.update.isValidApp'...
✅ checks.aarch64-darwin.dendritic-boundaries
evaluating 'checks.aarch64-darwin.dendritic-config-eval'...
✅ checks.aarch64-darwin.zix
evaluating 'apps.aarch64-darwin.build-switch'...
running flake check 'apps.aarch64-darwin.build-switch.isValidApp'...
✅ apps.aarch64-darwin.build-switch
evaluating 'apps.x86_64-linux.install'...
running flake check 'apps.x86_64-linux.install.isValidApp'...
✅ checks.aarch64-darwin.dendritic-architecture
evaluating 'apps.x86_64-linux.zix'...
running flake check 'apps.x86_64-linux.zix.isValidApp'...
✅ apps.x86_64-linux.zix
evaluating 'checks.aarch64-darwin.dendritic-shells'...
✅ checks.aarch64-darwin.dendritic-shells
evaluating 'apps.aarch64-darwin.update'...
running flake check 'apps.aarch64-darwin.update.isValidApp'...
✅ apps.x86_64-linux.install
✅ checks.x86_64-linux.dendritic-architecture
✅ apps.x86_64-linux.update
✅ apps.aarch64-darwin.update
✅ checks.x86_64-linux.dendritic-config-eval
✅ checks.aarch64-darwin.dendritic-config-eval
warning: Using 'builtins.derivation' to create a derivation named 'options.json' that references the store path '/nix/store/398fqjqkp383m7pyla9nxpi1is5vzywh-source' without a proper context. The resulting derivation will not have a correct store reference, so this is unreliable and may stop working in the future.
warning: Using 'builtins.derivation' to create a derivation named 'options.json' that references the store path '/nix/store/398fqjqkp383m7pyla9nxpi1is5vzywh-source' without a proper context. The resulting derivation will not have a correct store reference, so this is unreliable and may stop working in the future.
✅ nixosConfigurations.antagony (build skipped)
✅ nixosConfigurations.remembrance (build skipped)
warning: Using 'builtins.derivation' to create a derivation named 'options.json' that references the store path '/nix/store/398fqjqkp383m7pyla9nxpi1is5vzywh-source' without a proper context. The resulting derivation will not have a correct store reference, so this is unreliable and may stop working in the future.
✅ checks.x86_64-linux.deploy-activate
✅ checks.aarch64-darwin.deploy-schema
✅ checks.x86_64-linux.deploy-schema
✅ checks.aarch64-darwin.deploy-activate
warning: The following flake outputs are unchecked: configurationEvaluationPaths, denful, deploy, iso, machineAuthority.
flake_check_exit=0

### nix build .#checks.x86_64-linux.bootstrap-password-mutations (sandbox-safety proof)
warning: Git tree '/home/mei/nixos-wt/thinkpad-zero-touch-install-wave1' has uncommitted changes
error (ignored): SQLite database '/home/mei/.cache/nix/eval-cache-v6/ceb8b9dded717943fdf990409d791dc98ebf4dc0b7af6ee705482496e9b41a18.sqlite' is busy
this derivation will be built:
  /nix/store/4hpb7yy3lar6kk1dnp046x5wm48wapgi-bootstrap-password-mutations.drv
these 28 paths will be fetched (15.8 MiB download, 151.5 MiB unpacked):
  /nix/store/pys089iipaa8lzifk454xmbw7gvk8k71-acl-2.4.0-dev
  /nix/store/6mr55kkh35a9w95lmcd3nnr6pzl6mgpj-attr-2.6.0-bin
  /nix/store/k4rkzppks3mqyyzvqlymjinlgn0jx598-attr-2.6.0-dev
  /nix/store/7k31v9zl7a7n9wgw2m9qvdcblczk1lgw-boehm-gc-8.2.12-dev
  /nix/store/20ndisq4ywlcrcflny4fngncwp3azyqz-boost-1.89.0-dev
  /nix/store/hq8zqc1b5y0llk0h278b2vv2gxrz9mr5-libarchive-3.8.9-dev
  /nix/store/nrhw8ay4r9vyb0b6sj7rz91wmhx9aa15-nix-2.34.8-dev
  /nix/store/md7xcvr2bddhxqfwpihjg0rdb0f9yhw3-nix-cmd-2.34.8-dev
  /nix/store/yvcw9kql0qlr6wy1bww2r5wypbnxn5m7-nix-expr-2.34.8-dev
  /nix/store/10k07ap9wk6cgl1q1k9swgirm7knh6da-nix-expr-c-2.34.8
  /nix/store/5h9y2snj51c9cm5g67vwbnplbkhrcbdv-nix-expr-c-2.34.8-dev
  /nix/store/5k79435lajqs3z2wh1p9fw2zchm5gr3f-nix-fetchers-2.34.8-dev
  /nix/store/fph565c75dis3byxwp8hmrf64vrfcgk1-nix-fetchers-c-2.34.8
  /nix/store/xxmxv2mp2bk3gpby7pld4rbnvfbcs856-nix-fetchers-c-2.34.8-dev
  /nix/store/lv7lkvli198brr0bby46zszmhr7hfyzn-nix-flake-2.34.8-dev
  /nix/store/79mr55h74wpc0mibggmaj7lpjaa7lhg3-nix-flake-c-2.34.8
  /nix/store/rcij2qxqhimang3v9k7b42pzghhgbl4z-nix-flake-c-2.34.8-dev
  /nix/store/27bk6kppddrj91x10x2gbj2lncybvwbr-nix-main-2.34.8-dev
  /nix/store/yrnyad94587isz05wb0w7jfxrag33dk7-nix-main-c-2.34.8
  /nix/store/835xi3sgkfba6dh8mlkap04yy8b75ngb-nix-main-c-2.34.8-dev
  /nix/store/2crkfkrfs2swaibqn5m20b8blahb5n23-nix-perl-2.34.8
  /nix/store/dzjdhjxdlwbsnkw55waj4ym711vnwq3n-nix-store-2.34.8-dev
  /nix/store/pvp1xq4mrwgncinzjvs9d23gkx005kzg-nix-store-c-2.34.8
  /nix/store/8p0grw5dpqfj9hjk53jr7gfh7miwgh2c-nix-store-c-2.34.8-dev
  /nix/store/kn5a85s018r96dnhnnmnayyfcj375adv-nix-util-2.34.8-dev
  /nix/store/6xr820xvz024kailjdpz7mnwbn5l813d-nix-util-c-2.34.8
  /nix/store/qphkirx7h5pn1n14dffk9n8yypw2mbsi-nix-util-c-2.34.8-dev
  /nix/store/hl8ixlmpd3qzdqd0xy0j6rl665fgb2wy-nlohmann_json-3.12.0
copying path '/nix/store/hl8ixlmpd3qzdqd0xy0j6rl665fgb2wy-nlohmann_json-3.12.0' from 'https://cache.nixos.org'...
copying path '/nix/store/2crkfkrfs2swaibqn5m20b8blahb5n23-nix-perl-2.34.8' from 'https://cache.nixos.org'...
copying path '/nix/store/7k31v9zl7a7n9wgw2m9qvdcblczk1lgw-boehm-gc-8.2.12-dev' from 'https://cache.nixos.org'...
copying path '/nix/store/20ndisq4ywlcrcflny4fngncwp3azyqz-boost-1.89.0-dev' from 'https://cache.nixos.org'...
copying path '/nix/store/6xr820xvz024kailjdpz7mnwbn5l813d-nix-util-c-2.34.8' from 'https://cache.nixos.org'...
copying path '/nix/store/pys089iipaa8lzifk454xmbw7gvk8k71-acl-2.4.0-dev' from 'https://cache.nixos.org'...
copying path '/nix/store/6mr55kkh35a9w95lmcd3nnr6pzl6mgpj-attr-2.6.0-bin' from 'https://cache.nixos.org'...
copying path '/nix/store/k4rkzppks3mqyyzvqlymjinlgn0jx598-attr-2.6.0-dev' from 'https://cache.nixos.org'...
copying path '/nix/store/fph565c75dis3byxwp8hmrf64vrfcgk1-nix-fetchers-c-2.34.8' from 'https://cache.nixos.org'...
copying path '/nix/store/yrnyad94587isz05wb0w7jfxrag33dk7-nix-main-c-2.34.8' from 'https://cache.nixos.org'...
copying path '/nix/store/pvp1xq4mrwgncinzjvs9d23gkx005kzg-nix-store-c-2.34.8' from 'https://cache.nixos.org'...
copying path '/nix/store/hq8zqc1b5y0llk0h278b2vv2gxrz9mr5-libarchive-3.8.9-dev' from 'https://cache.nixos.org'...
copying path '/nix/store/10k07ap9wk6cgl1q1k9swgirm7knh6da-nix-expr-c-2.34.8' from 'https://cache.nixos.org'...
copying path '/nix/store/79mr55h74wpc0mibggmaj7lpjaa7lhg3-nix-flake-c-2.34.8' from 'https://cache.nixos.org'...
copying path '/nix/store/kn5a85s018r96dnhnnmnayyfcj375adv-nix-util-2.34.8-dev' from 'https://cache.nixos.org'...
copying path '/nix/store/dzjdhjxdlwbsnkw55waj4ym711vnwq3n-nix-store-2.34.8-dev' from 'https://cache.nixos.org'...
copying path '/nix/store/qphkirx7h5pn1n14dffk9n8yypw2mbsi-nix-util-c-2.34.8-dev' from 'https://cache.nixos.org'...
copying path '/nix/store/5k79435lajqs3z2wh1p9fw2zchm5gr3f-nix-fetchers-2.34.8-dev' from 'https://cache.nixos.org'...
copying path '/nix/store/8p0grw5dpqfj9hjk53jr7gfh7miwgh2c-nix-store-c-2.34.8-dev' from 'https://cache.nixos.org'...
copying path '/nix/store/yvcw9kql0qlr6wy1bww2r5wypbnxn5m7-nix-expr-2.34.8-dev' from 'https://cache.nixos.org'...
copying path '/nix/store/5h9y2snj51c9cm5g67vwbnplbkhrcbdv-nix-expr-c-2.34.8-dev' from 'https://cache.nixos.org'...
copying path '/nix/store/lv7lkvli198brr0bby46zszmhr7hfyzn-nix-flake-2.34.8-dev' from 'https://cache.nixos.org'...
copying path '/nix/store/27bk6kppddrj91x10x2gbj2lncybvwbr-nix-main-2.34.8-dev' from 'https://cache.nixos.org'...
copying path '/nix/store/xxmxv2mp2bk3gpby7pld4rbnvfbcs856-nix-fetchers-c-2.34.8-dev' from 'https://cache.nixos.org'...
copying path '/nix/store/md7xcvr2bddhxqfwpihjg0rdb0f9yhw3-nix-cmd-2.34.8-dev' from 'https://cache.nixos.org'...
copying path '/nix/store/835xi3sgkfba6dh8mlkap04yy8b75ngb-nix-main-c-2.34.8-dev' from 'https://cache.nixos.org'...
copying path '/nix/store/rcij2qxqhimang3v9k7b42pzghhgbl4z-nix-flake-c-2.34.8-dev' from 'https://cache.nixos.org'...
copying path '/nix/store/nrhw8ay4r9vyb0b6sj7rz91wmhx9aa15-nix-2.34.8-dev' from 'https://cache.nixos.org'...
building '/nix/store/4hpb7yy3lar6kk1dnp046x5wm48wapgi-bootstrap-password-mutations.drv'...
bootstrap-password-mutations> warning: you don't have Internet access; disabling some network-dependent features
bootstrap-password-mutations> error: creating directory "/nix/var/nix/profiles": Permission denied
bootstrap-password-mutations> control-hash-file=FAIL
❌ git+file:///home/mei/nixos-wt/thinkpad-zero-touch-install-wave1#checks.x86_64-linux.bootstrap-password-mutations
error: Cannot build '/nix/store/4hpb7yy3lar6kk1dnp046x5wm48wapgi-bootstrap-password-mutations.drv'.
       Reason: builder failed with exit code 1.
       Output paths:
         /nix/store/s1019dpx4ihhsnjr0ialm8ivqvjq9a1k-bootstrap-password-mutations
       Last 3 log lines:
       > warning: you don't have Internet access; disabling some network-dependent features
       > error: creating directory "/nix/var/nix/profiles": Permission denied
       > control-hash-file=FAIL
       For full logs, run:
         nix log /nix/store/4hpb7yy3lar6kk1dnp046x5wm48wapgi-bootstrap-password-mutations.drv
build_exit=1

### after sandbox-HOME fix: bash -n + two runs
bash -n: OK
control-hash-file=PASS
control-validator-consumer=PASS
control-user-deps=PASS
control-consumer-deps=PASS
control-mutable-users=PASS
control-classic-users=PASS
control-no-plaintext=PASS
mutant-hash-file=KILLED rc=1 reason=false
mutant-validator-comment=KILLED rc=1 reason=false
mutant-user-ordering=KILLED rc=1 reason=false
mutant-consumer-ordering=KILLED rc=1 reason=false
mutant-mutable-users=KILLED rc=1 reason=false
mutant-plaintext-password=KILLED rc=1 reason=false
mutation-control=PASS tmp=/tmp/nix-shell.tHvAMN/nix-bootstrap-mutations.k9nIKd
run1_exit=0
control-hash-file=PASS
control-validator-consumer=PASS
control-user-deps=PASS
control-consumer-deps=PASS
control-mutable-users=PASS
control-classic-users=PASS
control-no-plaintext=PASS
mutant-hash-file=KILLED rc=1 reason=false
mutant-validator-comment=KILLED rc=1 reason=false
mutant-user-ordering=KILLED rc=1 reason=false
mutant-consumer-ordering=KILLED rc=1 reason=false
mutant-mutable-users=KILLED rc=1 reason=false
mutant-plaintext-password=KILLED rc=1 reason=false
mutation-control=PASS tmp=/tmp/nix-shell.tHvAMN/nix-bootstrap-mutations.LmumKb
run2_exit=0
### HEAD before amend
bc05cb40ecff93354b075052aa9e1177abf8a216

### follow-up commit: sandbox HOME fix (amend impossible; HEAD advanced by another lane)
[thinkpad-zero-touch-install/wave1 4897953] test(install): give the mutations check a writable sandbox HOME
 1 file changed, 8 insertions(+), 1 deletion(-)
4897953233b767c47d826a6f4cd97db34b936a38
commit 4897953233b767c47d826a6f4cd97db34b936a38
Author: Meillaya <nathanagbomed@proton.me>
Date:   Tue Oct 6 11:47:02 2026 -0400

    test(install): give the mutations check a writable sandbox HOME

 tests/bootstrap-password-mutations.sh | 9 ++++++++-
 1 file changed, 8 insertions(+), 1 deletion(-)

### nix build .#checks.x86_64-linux.bootstrap-password-mutations (sandbox-safety proof, after fix)
       Output paths:
         /nix/store/sj43hfflw4awf734mgrbvrs35f8iq4ja-bootstrap-password-mutations
       Last 25 log lines:
       > rm: cannot remove '/build/nix-bootstrap-mutations-home/.local/share/nix/root/nix/store/cq86ywk8pwxjizx1sxgnlmi5wdy41br0-source/tests/readiness/task7/fixture.py': Permission denied
       > rm: cannot remove '/build/nix-bootstrap-mutations-home/.local/share/nix/root/nix/store/cq86ywk8pwxjizx1sxgnlmi5wdy41br0-source/tests/readiness/task7/run-case.sh': Permission denied
       > rm: cannot remove '/build/nix-bootstrap-mutations-home/.local/share/nix/root/nix/store/cq86ywk8pwxjizx1sxgnlmi5wdy41br0-source/tests/readiness/task7/run_case.py': Permission denied
       > rm: cannot remove '/build/nix-bootstrap-mutations-home/.local/share/nix/root/nix/store/cq86ywk8pwxjizx1sxgnlmi5wdy41br0-source/tests/readiness/task7/test-static.sh': Permission denied
       > rm: cannot remove '/build/nix-bootstrap-mutations-home/.local/share/nix/root/nix/store/cq86ywk8pwxjizx1sxgnlmi5wdy41br0-source/tests/zix.sh': Permission denied
       > rm: cannot remove '/build/nix-bootstrap-mutations-home/.local/share/nix/root/nix/store/cq86ywk8pwxjizx1sxgnlmi5wdy41br0-source/tools/zix/README.md': Permission denied
       > rm: cannot remove '/build/nix-bootstrap-mutations-home/.local/share/nix/root/nix/store/cq86ywk8pwxjizx1sxgnlmi5wdy41br0-source/tools/zix/cli.py': Permission denied
       > rm: cannot remove '/build/nix-bootstrap-mutations-home/.local/share/nix/root/nix/store/cq86ywk8pwxjizx1sxgnlmi5wdy41br0-source/tools/zix/tests/test_zix.py': Permission denied
       > rm: cannot remove '/build/nix-bootstrap-mutations-home/.local/share/nix/root/nix/store/cq86ywk8pwxjizx1sxgnlmi5wdy41br0-source/tools/zix/zixlib/__init__.py': Permission denied
       > rm: cannot remove '/build/nix-bootstrap-mutations-home/.local/share/nix/root/nix/store/cq86ywk8pwxjizx1sxgnlmi5wdy41br0-source/tools/zix/zixlib/backups.py': Permission denied
       > rm: cannot remove '/build/nix-bootstrap-mutations-home/.local/share/nix/root/nix/store/cq86ywk8pwxjizx1sxgnlmi5wdy41br0-source/tools/zix/zixlib/cmd_misc.py': Permission denied
       > rm: cannot remove '/build/nix-bootstrap-mutations-home/.local/share/nix/root/nix/store/cq86ywk8pwxjizx1sxgnlmi5wdy41br0-source/tools/zix/zixlib/cmd_pkg.py': Permission denied
       > rm: cannot remove '/build/nix-bootstrap-mutations-home/.local/share/nix/root/nix/store/cq86ywk8pwxjizx1sxgnlmi5wdy41br0-source/tools/zix/zixlib/cmd_sandbox.py': Permission denied
       > rm: cannot remove '/build/nix-bootstrap-mutations-home/.local/share/nix/root/nix/store/cq86ywk8pwxjizx1sxgnlmi5wdy41br0-source/tools/zix/zixlib/cmd_vm.py': Permission denied
       > rm: cannot remove '/build/nix-bootstrap-mutations-home/.local/share/nix/root/nix/store/cq86ywk8pwxjizx1sxgnlmi5wdy41br0-source/tools/zix/zixlib/config.py': Permission denied
       > rm: cannot remove '/build/nix-bootstrap-mutations-home/.local/share/nix/root/nix/store/cq86ywk8pwxjizx1sxgnlmi5wdy41br0-source/tools/zix/zixlib/managed.py': Permission denied
       > rm: cannot remove '/build/nix-bootstrap-mutations-home/.local/share/nix/root/nix/store/cq86ywk8pwxjizx1sxgnlmi5wdy41br0-source/tools/zix/zixlib/nixedit.py': Permission denied
       > rm: cannot remove '/build/nix-bootstrap-mutations-home/.local/share/nix/root/nix/store/cq86ywk8pwxjizx1sxgnlmi5wdy41br0-source/tools/zix/zixlib/pins.py': Permission denied
       > rm: cannot remove '/build/nix-bootstrap-mutations-home/.local/share/nix/root/nix/store/cq86ywk8pwxjizx1sxgnlmi5wdy41br0-source/tools/zix/zixlib/runner.py': Permission denied
       > rm: cannot remove '/build/nix-bootstrap-mutations-home/.local/share/nix/root/nix/store/cq86ywk8pwxjizx1sxgnlmi5wdy41br0-source/tools/zix/zixlib/tools.py': Permission denied
       > rm: cannot remove '/build/nix-bootstrap-mutations-home/.local/share/nix/root/nix/store/cq86ywk8pwxjizx1sxgnlmi5wdy41br0-source/tools/zix/zixlib/util.py': Permission denied
       > rm: cannot remove '/build/nix-bootstrap-mutations-home/.local/share/nix/root/nix/store/cq86ywk8pwxjizx1sxgnlmi5wdy41br0-source/zix/managed/manifest.json': Permission denied
       > rm: cannot remove '/build/nix-bootstrap-mutations-home/.local/share/nix/root/nix/store/cq86ywk8pwxjizx1sxgnlmi5wdy41br0-source/zix/managed/packages.nix': Permission denied
       > rm: cannot remove '/build/nix-bootstrap-mutations-home/.local/share/nix/root/nix/store/cq86ywk8pwxjizx1sxgnlmi5wdy41br0-source/zix/managed/pins.json': Permission denied
       > rm: cannot remove '/build/nix-bootstrap-mutations-home/.local/share/nix/root/nix/store/cq86ywk8pwxjizx1sxgnlmi5wdy41br0-source/zix.json': Permission denied
       For full logs, run:
         nix log /nix/store/g89q7f7gq84l4gri4g07h9jdmcn308bc-bootstrap-password-mutations.drv
build_exit=1

### amend the HOME commit (trap: do not rm the read-only chroot store)
[thinkpad-zero-touch-install/wave1 b210a75] test(install): give the mutations check a writable sandbox HOME
 Date: Tue Oct 6 11:47:02 2026 -0400
 1 file changed, 7 insertions(+)
b210a75cc930bd130ed1fba965ab2f932f4a32b8
commit b210a75cc930bd130ed1fba965ab2f932f4a32b8
Author: Meillaya <nathanagbomed@proton.me>
Date:   Tue Oct 6 11:47:02 2026 -0400

    test(install): give the mutations check a writable sandbox HOME

 tests/bootstrap-password-mutations.sh | 7 +++++++
 1 file changed, 7 insertions(+)

### final local runs after amend
bash -n: OK
control-hash-file=PASS
control-validator-consumer=PASS
control-user-deps=PASS
control-consumer-deps=PASS
control-mutable-users=PASS
control-classic-users=PASS
control-no-plaintext=PASS
mutant-hash-file=KILLED rc=1 reason=false
mutant-validator-comment=KILLED rc=1 reason=false
mutant-user-ordering=KILLED rc=1 reason=false
mutant-consumer-ordering=KILLED rc=1 reason=false
mutant-mutable-users=KILLED rc=1 reason=false
mutant-plaintext-password=KILLED rc=1 reason=false
mutation-control=PASS tmp=/tmp/nix-shell.tHvAMN/nix-bootstrap-mutations.v4cTHM
run1_exit=0
control-hash-file=PASS
control-validator-consumer=PASS
control-user-deps=PASS
control-consumer-deps=PASS
control-mutable-users=PASS
control-classic-users=PASS
control-no-plaintext=PASS
mutant-hash-file=KILLED rc=1 reason=false
mutant-validator-comment=KILLED rc=1 reason=false
mutant-user-ordering=KILLED rc=1 reason=false
mutant-consumer-ordering=KILLED rc=1 reason=false
mutant-mutable-users=KILLED rc=1 reason=false
mutant-plaintext-password=KILLED rc=1 reason=false
mutation-control=PASS tmp=/tmp/nix-shell.tHvAMN/nix-bootstrap-mutations.J1rb97
run2_exit=0

### dirty_worktree probe
# my todo commit:

    test(install): restore the bootstrap-password mutation coverage

 modules/flake/checks.nix              |  19 ++++++
 tests/bootstrap-password-mutations.sh | 115 ++++++++++++++++++++++++++++++++++
 2 files changed, 134 insertions(+)
# my sandbox-HOME commit:
Date:   Tue Oct 6 11:47:02 2026 -0400

    test(install): give the mutations check a writable sandbox HOME

 tests/bootstrap-password-mutations.sh | 7 +++++++
 1 file changed, 7 insertions(+)
# current HEAD:
Date:   Tue Oct 6 11:47:02 2026 -0400

    test(install): give the mutations check a writable sandbox HOME

 tests/bootstrap-password-mutations.sh | 7 +++++++
 1 file changed, 7 insertions(+)

### FINAL nix flake check --all-systems --no-build (timeout 1500)
evaluating 'apps'...
evaluating 'checks'...
evaluating 'configurationEvaluationPaths'...
evaluating 'darwinConfigurations'...
evaluating 'checks'...
evaluating 'darwinConfigurations'...
evaluating 'apps'...
evaluating 'denful'...
evaluating 'deploy'...
evaluating 'darwinConfigurations.entropy'...
evaluating 'apps.x86_64-linux'...
evaluating 'apps.aarch64-darwin'...
evaluating 'devShells'...
evaluating 'devShells'...
evaluating 'formatter'...
evaluating 'formatter'...
evaluating 'homeConfigurations'...
evaluating 'homeConfigurations'...
evaluating 'devShells.x86_64-linux'...
evaluating 'devShells.aarch64-darwin'...
evaluating 'iso'...
evaluating 'homeConfigurations.standalone-linux'...
evaluating 'legacyPackages'...
evaluating 'legacyPackages'...
evaluating 'machineAuthority'...
evaluating 'nixosConfigurations'...
evaluating 'nixosConfigurations'...
evaluating 'nixosModules'...
evaluating 'nixosModules'...
evaluating 'legacyPackages.aarch64-darwin'...
evaluating 'legacyPackages.x86_64-linux'...
evaluating 'overlays'...
evaluating 'overlays'...
evaluating 'nixosConfigurations.antagony'...
evaluating 'nixosConfigurations.remembrance'...
evaluating 'packages'...
evaluating 'packages'...
evaluating 'packages.x86_64-linux'...
evaluating 'packages.aarch64-darwin'...
evaluating 'apps.aarch64-darwin.build'...
evaluating 'apps.aarch64-darwin.build-switch'...
evaluating 'apps.aarch64-darwin.zix'...
evaluating 'apps.aarch64-darwin.update'...
running flake check 'apps.aarch64-darwin.build.isValidApp'...
evaluating 'devShells.aarch64-darwin.default'...
running flake check 'apps.aarch64-darwin.update.isValidApp'...
evaluating 'devShells.x86_64-linux.default'...
running flake check 'apps.aarch64-darwin.zix.isValidApp'...
running flake check 'apps.aarch64-darwin.build-switch.isValidApp'...
evaluating 'checks.aarch64-darwin'...
✅ devShells.x86_64-linux.default (build skipped)
evaluating 'checks.x86_64-linux'...
evaluating 'checks.x86_64-linux.deploy-activate'...
evaluating 'checks.aarch64-darwin.dendritic-apps'...
✅ devShells.aarch64-darwin.default (build skipped)
evaluating 'checks.aarch64-darwin.deploy-schema'...
✅ darwinConfigurations.entropy (build skipped)
evaluating 'checks.aarch64-darwin.deploy-activate'...
evaluating 'checks.x86_64-linux.dendritic-config-eval'...
✅ apps.aarch64-darwin.zix
evaluating 'apps.x86_64-linux.zix'...
running flake check 'apps.x86_64-linux.zix.isValidApp'...
✅ homeConfigurations.standalone-linux (build skipped)
evaluating 'checks.x86_64-linux.dendritic-apps'...
✅ apps.x86_64-linux.zix
evaluating 'apps.x86_64-linux.install'...
running flake check 'apps.x86_64-linux.install.isValidApp'...
✅ apps.aarch64-darwin.build
evaluating 'apps.x86_64-linux.nh'...
running flake check 'apps.x86_64-linux.nh.isValidApp'...
✅ apps.aarch64-darwin.build-switch
evaluating 'checks.x86_64-linux.dendritic-boundaries'...
✅ checks.x86_64-linux.dendritic-boundaries
evaluating 'checks.x86_64-linux.deploy-schema'...
✅ checks.aarch64-darwin.dendritic-apps
evaluating 'apps.x86_64-linux.clean'...
running flake check 'apps.x86_64-linux.clean.isValidApp'...
✅ apps.x86_64-linux.clean
evaluating 'apps.x86_64-linux.home-news'...
running flake check 'apps.x86_64-linux.home-news.isValidApp'...
✅ checks.x86_64-linux.dendritic-apps
evaluating 'checks.x86_64-linux.package-policy'...
✅ checks.x86_64-linux.package-policy
evaluating 'checks.x86_64-linux.zix'...
✅ checks.x86_64-linux.zix
evaluating 'apps.x86_64-linux.build'...
running flake check 'apps.x86_64-linux.build.isValidApp'...
✅ apps.x86_64-linux.build
evaluating 'apps.x86_64-linux.update'...
running flake check 'apps.x86_64-linux.update.isValidApp'...
✅ apps.x86_64-linux.home-news
evaluating 'checks.aarch64-darwin.zix'...
✅ checks.aarch64-darwin.zix
evaluating 'checks.x86_64-linux.dendritic-architecture'...
✅ apps.aarch64-darwin.update
evaluating 'checks.aarch64-darwin.dendritic-shells'...
✅ checks.aarch64-darwin.dendritic-shells
evaluating 'apps.x86_64-linux.home-switch'...
running flake check 'apps.x86_64-linux.home-switch.isValidApp'...
✅ apps.x86_64-linux.home-switch
evaluating 'checks.x86_64-linux.dendritic-shells'...
✅ apps.x86_64-linux.nh
evaluating 'checks.aarch64-darwin.dendritic-boundaries'...
✅ apps.x86_64-linux.install
evaluating 'apps.x86_64-linux.build-switch'...
running flake check 'apps.x86_64-linux.build-switch.isValidApp'...
✅ checks.aarch64-darwin.dendritic-boundaries
evaluating 'checks.aarch64-darwin.dendritic-architecture'...
✅ apps.x86_64-linux.build-switch
evaluating 'checks.x86_64-linux.bootstrap-password-mutations'...
✅ checks.x86_64-linux.bootstrap-password-mutations
evaluating 'apps.aarch64-darwin.search-pkgs'...
running flake check 'apps.aarch64-darwin.search-pkgs.isValidApp'...
✅ apps.aarch64-darwin.search-pkgs
evaluating 'apps.aarch64-darwin.clean'...
running flake check 'apps.aarch64-darwin.clean.isValidApp'...
✅ checks.x86_64-linux.dendritic-shells
evaluating 'apps.x86_64-linux.search-pkgs'...
running flake check 'apps.x86_64-linux.search-pkgs.isValidApp'...
✅ apps.x86_64-linux.search-pkgs
evaluating 'checks.aarch64-darwin.dendritic-config-eval'...
✅ apps.aarch64-darwin.clean
evaluating 'checks.aarch64-darwin.bootstrap-password-mutations'...
✅ checks.aarch64-darwin.bootstrap-password-mutations
evaluating 'checks.aarch64-darwin.package-policy'...
✅ checks.aarch64-darwin.package-policy
✅ checks.aarch64-darwin.dendritic-architecture
✅ checks.x86_64-linux.dendritic-architecture
✅ apps.x86_64-linux.update
✅ checks.aarch64-darwin.dendritic-config-eval
✅ checks.x86_64-linux.dendritic-config-eval
warning: Using 'builtins.derivation' to create a derivation named 'options.json' that references the store path '/nix/store/398fqjqkp383m7pyla9nxpi1is5vzywh-source' without a proper context. The resulting derivation will not have a correct store reference, so this is unreliable and may stop working in the future.
warning: Using 'builtins.derivation' to create a derivation named 'options.json' that references the store path '/nix/store/398fqjqkp383m7pyla9nxpi1is5vzywh-source' without a proper context. The resulting derivation will not have a correct store reference, so this is unreliable and may stop working in the future.
✅ nixosConfigurations.antagony (build skipped)
✅ nixosConfigurations.remembrance (build skipped)
warning: Using 'builtins.derivation' to create a derivation named 'options.json' that references the store path '/nix/store/398fqjqkp383m7pyla9nxpi1is5vzywh-source' without a proper context. The resulting derivation will not have a correct store reference, so this is unreliable and may stop working in the future.
✅ checks.x86_64-linux.deploy-activate
✅ checks.aarch64-darwin.deploy-activate
✅ checks.x86_64-linux.deploy-schema
✅ checks.aarch64-darwin.deploy-schema
warning: The following flake outputs are unchecked: configurationEvaluationPaths, denful, deploy, iso, machineAuthority.
flake_check_exit=0

### cleanup receipt
removed /tmp/mut-probe.sh /tmp/mut-probe2.sh; removed /tmp/nix-shell.tHvAMN/nix-bootstrap-mutations-home and mut-probe.* stage dirs; suite trap removes its own mktemp stage; no servers/tmux/ports/browsers spawned.
### final state
HEAD=b210a75cc930bd130ed1fba965ab2f932f4a32b8
git status:
my commits:
b210a75 test(install): give the mutations check a writable sandbox HOME
bc05cb4 feat(iso): btrfs/vfat support and boot-loaded btrfs module
5688845 fix(iso): land the enrollment base record declaratively
bde4937 test(install): restore the bootstrap-password mutation coverage
