evaluating 'apps'...
evaluating 'checks'...
evaluating 'configurationEvaluationPaths'...
evaluating 'checks'...
evaluating 'apps'...
evaluating 'darwinConfigurations'...
evaluating 'darwinConfigurations'...
evaluating 'denful'...
evaluating 'deploy'...
evaluating 'devShells'...
evaluating 'darwinConfigurations.entropy'...
evaluating 'devShells'...
evaluating 'apps.x86_64-linux'...
evaluating 'apps.aarch64-darwin'...
evaluating 'devShells.x86_64-linux'...
evaluating 'devShells.aarch64-darwin'...
evaluating 'formatter'...
evaluating 'formatter'...
evaluating 'homeConfigurations'...
evaluating 'homeConfigurations'...
evaluating 'iso'...
evaluating 'isoConfig'...
evaluating 'legacyPackages'...
evaluating 'legacyPackages'...
evaluating 'machineAuthority'...
evaluating 'nixosConfigurations'...
evaluating 'nixosConfigurations'...
evaluating 'homeConfigurations.standalone-linux'...
evaluating 'nixosModules'...
evaluating 'legacyPackages.aarch64-darwin'...
evaluating 'legacyPackages.x86_64-linux'...
evaluating 'nixosModules'...
evaluating 'nixosConfigurations.antagony'...
evaluating 'nixosConfigurations.remembrance'...
evaluating 'overlays'...
evaluating 'overlays'...
evaluating 'packages'...
evaluating 'packages'...
evaluating 'packages.x86_64-linux'...
evaluating 'packages.aarch64-darwin'...
evaluating 'devShells.x86_64-linux.default'...
evaluating 'apps.aarch64-darwin.clean'...
evaluating 'apps.aarch64-darwin.build'...
evaluating 'devShells.aarch64-darwin.default'...
evaluating 'apps.aarch64-darwin.build-switch'...
evaluating 'apps.aarch64-darwin.search-pkgs'...
running flake check 'apps.aarch64-darwin.clean.isValidApp'...
running flake check 'apps.aarch64-darwin.build.isValidApp'...
running flake check 'apps.aarch64-darwin.build-switch.isValidApp'...
running flake check 'apps.aarch64-darwin.search-pkgs.isValidApp'...
evaluating 'checks.aarch64-darwin'...
✅ devShells.x86_64-linux.default (build skipped)
evaluating 'apps.aarch64-darwin.zix'...
running flake check 'apps.aarch64-darwin.zix.isValidApp'...
✅ devShells.aarch64-darwin.default (build skipped)
evaluating 'checks.x86_64-linux'...
evaluating 'checks.aarch64-darwin.bootstrap-password-mutations'...
evaluating 'checks.x86_64-linux.install-staging'...
✅ checks.x86_64-linux.install-staging
evaluating 'checks.aarch64-darwin.dendritic-architecture'...
✅ darwinConfigurations.entropy (build skipped)
evaluating 'checks.x86_64-linux.iso-autostart-vm'...
evaluating 'apps.x86_64-linux.update'...
running flake check 'apps.x86_64-linux.update.isValidApp'...
✅ apps.aarch64-darwin.zix
evaluating 'apps.x86_64-linux.zix'...
running flake check 'apps.x86_64-linux.zix.isValidApp'...
✅ homeConfigurations.standalone-linux (build skipped)
evaluating 'apps.x86_64-linux.clean'...
running flake check 'apps.x86_64-linux.clean.isValidApp'...
✅ apps.x86_64-linux.zix
evaluating 'checks.x86_64-linux.bootstrap-password-mutations'...
✅ apps.aarch64-darwin.build-switch
evaluating 'checks.aarch64-darwin.dendritic-boundaries'...
✅ apps.aarch64-darwin.build
evaluating 'apps.x86_64-linux.install'...
✅ apps.aarch64-darwin.clean
evaluating 'checks.x86_64-linux.dendritic-config-eval'...
running flake check 'apps.x86_64-linux.install.isValidApp'...
✅ checks.aarch64-darwin.dendritic-boundaries
evaluating 'checks.aarch64-darwin.dendritic-apps'...
✅ checks.aarch64-darwin.dendritic-architecture
evaluating 'apps.x86_64-linux.build'...
running flake check 'apps.x86_64-linux.build.isValidApp'...
✅ apps.x86_64-linux.clean
evaluating 'checks.aarch64-darwin.dendritic-shells'...
✅ apps.x86_64-linux.build
evaluating 'apps.x86_64-linux.home-news'...
running flake check 'apps.x86_64-linux.home-news.isValidApp'...
✅ checks.aarch64-darwin.dendritic-shells
evaluating 'apps.x86_64-linux.build-switch'...
running flake check 'apps.x86_64-linux.build-switch.isValidApp'...
✅ checks.aarch64-darwin.dendritic-apps
✅ checks.aarch64-darwin.bootstrap-password-mutations
evaluating 'checks.x86_64-linux.deploy-activate'...
evaluating 'checks.aarch64-darwin.deploy-schema'...
✅ apps.aarch64-darwin.search-pkgs
evaluating 'checks.aarch64-darwin.deploy-activate'...
✅ checks.x86_64-linux.bootstrap-password-mutations
evaluating 'apps.x86_64-linux.nh'...
running flake check 'apps.x86_64-linux.nh.isValidApp'...
✅ apps.x86_64-linux.home-news
evaluating 'checks.aarch64-darwin.install-staging'...
✅ checks.aarch64-darwin.install-staging
evaluating 'checks.aarch64-darwin.zix'...
✅ checks.aarch64-darwin.zix
evaluating 'checks.aarch64-darwin.package-policy'...
✅ checks.aarch64-darwin.package-policy
evaluating 'checks.x86_64-linux.dendritic-architecture'...
✅ apps.x86_64-linux.nh
✅ apps.x86_64-linux.build-switch
evaluating 'checks.x86_64-linux.zix'...
evaluating 'checks.x86_64-linux.dendritic-apps'...
✅ apps.x86_64-linux.install
evaluating 'checks.aarch64-darwin.dendritic-config-eval'...
✅ checks.x86_64-linux.zix
evaluating 'checks.x86_64-linux.dendritic-boundaries'...
✅ checks.x86_64-linux.dendritic-apps
evaluating 'checks.x86_64-linux.package-policy'...
✅ checks.x86_64-linux.dendritic-boundaries
evaluating 'checks.x86_64-linux.deploy-schema'...
✅ checks.x86_64-linux.package-policy
evaluating 'checks.x86_64-linux.dendritic-shells'...
✅ checks.x86_64-linux.dendritic-shells
evaluating 'apps.x86_64-linux.search-pkgs'...
running flake check 'apps.x86_64-linux.search-pkgs.isValidApp'...
✅ apps.x86_64-linux.search-pkgs
evaluating 'apps.x86_64-linux.home-switch'...
running flake check 'apps.x86_64-linux.home-switch.isValidApp'...
✅ apps.x86_64-linux.home-switch
evaluating 'apps.aarch64-darwin.update'...
running flake check 'apps.aarch64-darwin.update.isValidApp'...
✅ apps.x86_64-linux.update
✅ checks.x86_64-linux.dendritic-architecture
✅ apps.aarch64-darwin.update
✅ checks.aarch64-darwin.dendritic-config-eval
✅ checks.x86_64-linux.dendritic-config-eval
warning: Using 'builtins.derivation' to create a derivation named 'options.json' that references the store path '/nix/store/398fqjqkp383m7pyla9nxpi1is5vzywh-source' without a proper context. The resulting derivation will not have a correct store reference, so this is unreliable and may stop working in the future.
warning: Using 'builtins.derivation' to create a derivation named 'options.json' that references the store path '/nix/store/398fqjqkp383m7pyla9nxpi1is5vzywh-source' without a proper context. The resulting derivation will not have a correct store reference, so this is unreliable and may stop working in the future.
✅ nixosConfigurations.remembrance (build skipped)
✅ nixosConfigurations.antagony (build skipped)
warning: Using 'builtins.derivation' to create a derivation named 'options.json' that references the store path '/nix/store/398fqjqkp383m7pyla9nxpi1is5vzywh-source' without a proper context. The resulting derivation will not have a correct store reference, so this is unreliable and may stop working in the future.
warning: Using 'builtins.derivation' to create a derivation named 'options.json' that references the store path '/nix/store/398fqjqkp383m7pyla9nxpi1is5vzywh-source' without a proper context. The resulting derivation will not have a correct store reference, so this is unreliable and may stop working in the future.
✅ checks.x86_64-linux.iso-autostart-vm
warning: Using 'builtins.derivation' to create a derivation named 'options.json' that references the store path '/nix/store/398fqjqkp383m7pyla9nxpi1is5vzywh-source' without a proper context. The resulting derivation will not have a correct store reference, so this is unreliable and may stop working in the future.
✅ checks.x86_64-linux.deploy-activate
✅ checks.aarch64-darwin.deploy-activate
✅ checks.aarch64-darwin.deploy-schema
✅ checks.x86_64-linux.deploy-schema
warning: The following flake outputs are unchecked: configurationEvaluationPaths, denful, deploy, iso, isoConfig, machineAuthority.
FLAKECHECK_RC=0
